Archive member included to satisfy reference by file (symbol)

.build/obj_keychron_k10_max_ansi_rgb_default/spi_master.a(spi_master.o)
                              .build/obj_keychron_k10_max_ansi_rgb_default/snled27351-spi.o (spi_init)
C:/QMK_MSYS/mingw64/bin/../lib/gcc/arm-none-eabi/13.3.0/thumb/v7e-m+fp/hard\libgcc.a(_aeabi_ldivmod.o)
                              .build/obj_keychron_k10_max_ansi_rgb_default/common/wireless/transport.o (__aeabi_ldivmod)
C:/QMK_MSYS/mingw64/bin/../lib/gcc/arm-none-eabi/13.3.0/thumb/v7e-m+fp/hard\libgcc.a(_aeabi_uldivmod.o)
                              .build/obj_keychron_k10_max_ansi_rgb_default/common/wireless/transport.o (__aeabi_uldivmod)
C:/QMK_MSYS/mingw64/bin/../lib/gcc/arm-none-eabi/13.3.0/thumb/v7e-m+fp/hard\libgcc.a(_udivmoddi4.o)
                              C:/QMK_MSYS/mingw64/bin/../lib/gcc/arm-none-eabi/13.3.0/thumb/v7e-m+fp/hard\libgcc.a(_aeabi_ldivmod.o) (__udivmoddi4)
C:/QMK_MSYS/mingw64/bin/../lib/gcc/arm-none-eabi/13.3.0/thumb/v7e-m+fp/hard\libgcc.a(_dvmd_tls.o)
                              C:/QMK_MSYS/mingw64/bin/../lib/gcc/arm-none-eabi/13.3.0/thumb/v7e-m+fp/hard\libgcc.a(_aeabi_ldivmod.o) (__aeabi_ldiv0)
C:/QMK_MSYS/mingw64/bin/../lib/gcc/arm-none-eabi/13.3.0/../../../../arm-none-eabi/lib/thumb/v7e-m+fp/hard\libg_nano.a(libc_a-abort.o)
                              .build/obj_keychron_k10_max_ansi_rgb_default/lib/chibios/os/various/syscalls.o (abort)
C:/QMK_MSYS/mingw64/bin/../lib/gcc/arm-none-eabi/13.3.0/../../../../arm-none-eabi/lib/thumb/v7e-m+fp/hard\libg_nano.a(libc_a-itoa.o)
                              .build/obj_keychron_k10_max_ansi_rgb_default/common/keychron_raw_hid.o (itoa)
C:/QMK_MSYS/mingw64/bin/../lib/gcc/arm-none-eabi/13.3.0/../../../../arm-none-eabi/lib/thumb/v7e-m+fp/hard\libg_nano.a(libc_a-rand.o)
                              .build/obj_keychron_k10_max_ansi_rgb_default/quantum/keymap_introspection.o (rand)
C:/QMK_MSYS/mingw64/bin/../lib/gcc/arm-none-eabi/13.3.0/../../../../arm-none-eabi/lib/thumb/v7e-m+fp/hard\libg_nano.a(libc_a-utoa.o)
                              C:/QMK_MSYS/mingw64/bin/../lib/gcc/arm-none-eabi/13.3.0/../../../../arm-none-eabi/lib/thumb/v7e-m+fp/hard\libg_nano.a(libc_a-itoa.o) (__utoa)
C:/QMK_MSYS/mingw64/bin/../lib/gcc/arm-none-eabi/13.3.0/../../../../arm-none-eabi/lib/thumb/v7e-m+fp/hard\libg_nano.a(libc_a-ctype_.o)
                              .build/obj_keychron_k10_max_ansi_rgb_default/quantum/send_string/send_string.o (_ctype_)
C:/QMK_MSYS/mingw64/bin/../lib/gcc/arm-none-eabi/13.3.0/../../../../arm-none-eabi/lib/thumb/v7e-m+fp/hard\libg_nano.a(libc_a-memcmp.o)
                              .build/obj_keychron_k10_max_ansi_rgb_default/common/wireless/lpm.o (memcmp)
C:/QMK_MSYS/mingw64/bin/../lib/gcc/arm-none-eabi/13.3.0/../../../../arm-none-eabi/lib/thumb/v7e-m+fp/hard\libg_nano.a(libc_a-memset.o)
                              .build/obj_keychron_k10_max_ansi_rgb_default/common/wireless/wireless.o (memset)
C:/QMK_MSYS/mingw64/bin/../lib/gcc/arm-none-eabi/13.3.0/../../../../arm-none-eabi/lib/thumb/v7e-m+fp/hard\libg_nano.a(libc_a-signal.o)
                              C:/QMK_MSYS/mingw64/bin/../lib/gcc/arm-none-eabi/13.3.0/../../../../arm-none-eabi/lib/thumb/v7e-m+fp/hard\libg_nano.a(libc_a-abort.o) (raise)
C:/QMK_MSYS/mingw64/bin/../lib/gcc/arm-none-eabi/13.3.0/../../../../arm-none-eabi/lib/thumb/v7e-m+fp/hard\libg_nano.a(libc_a-impure.o)
                              C:/QMK_MSYS/mingw64/bin/../lib/gcc/arm-none-eabi/13.3.0/../../../../arm-none-eabi/lib/thumb/v7e-m+fp/hard\libg_nano.a(libc_a-rand.o) (_impure_ptr)
C:/QMK_MSYS/mingw64/bin/../lib/gcc/arm-none-eabi/13.3.0/../../../../arm-none-eabi/lib/thumb/v7e-m+fp/hard\libg_nano.a(libc_a-signalr.o)
                              C:/QMK_MSYS/mingw64/bin/../lib/gcc/arm-none-eabi/13.3.0/../../../../arm-none-eabi/lib/thumb/v7e-m+fp/hard\libg_nano.a(libc_a-signal.o) (_kill_r)
C:/QMK_MSYS/mingw64/bin/../lib/gcc/arm-none-eabi/13.3.0/../../../../arm-none-eabi/lib/thumb/v7e-m+fp/hard\libg_nano.a(libc_a-errno.o)
                              .build/obj_keychron_k10_max_ansi_rgb_default/platforms/chibios/syscall-fallbacks.o (__errno)
C:/QMK_MSYS/mingw64/bin/../lib/gcc/arm-none-eabi/13.3.0/../../../../arm-none-eabi/lib/thumb/v7e-m+fp/hard\libg_nano.a(libc_a-memcpy.o)
                              .build/obj_keychron_k10_max_ansi_rgb_default/common/wireless/wireless.o (memcpy)
C:/QMK_MSYS/mingw64/bin/../lib/gcc/arm-none-eabi/13.3.0/../../../../arm-none-eabi/lib/thumb/v7e-m+fp/hard\libg_nano.a(libc_a-strlen.o)
                              .build/obj_keychron_k10_max_ansi_rgb_default/common/wireless/lkbt51.o (strlen)
C:/QMK_MSYS/mingw64/bin/../lib/gcc/arm-none-eabi/13.3.0/../../../../arm-none-eabi/lib/thumb/v7e-m+fp/hard\libg_nano.a(libc_a-assert.o)
                              C:/QMK_MSYS/mingw64/bin/../lib/gcc/arm-none-eabi/13.3.0/../../../../arm-none-eabi/lib/thumb/v7e-m+fp/hard\libg_nano.a(libc_a-rand.o) (__assert_func)
[...]
Memory Configuration

Name             Origin             Length             Attributes
flash0           0x08000000         0x00004000         xr
flash1           0x08004000         0x00004000         xr
flash2           0x08008000         0x00038000         xr
flash3           0x00000000         0x00000000         xr
flash4           0x00000000         0x00000000         xr
flash5           0x00000000         0x00000000         xr
flash6           0x00000000         0x00000000         xr
flash7           0x00000000         0x00000000         xr
ram0             0x20000000         0x00010000         xw
ram1             0x00000000         0x00000000         xw
ram2             0x00000000         0x00000000         xw
ram3             0x00000000         0x00000000         xw
ram4             0x00000000         0x00000000         xw
ram5             0x00000000         0x00000000         xw
ram6             0x00000000         0x00000000         xw
ram7             0x00000000         0x00000000         xw
*default*        0x00000000         0xffffffff

Linker script and memory map

LOAD .build/obj_keychron_k10_max_ansi_rgb_default/common/wireless/wireless.o
LOAD .build/obj_keychron_k10_max_ansi_rgb_default/common/wireless/report_buffer.o
LOAD .build/obj_keychron_k10_max_ansi_rgb_default/common/wireless/lkbt51.o
LOAD .build/obj_keychron_k10_max_ansi_rgb_default/common/wireless/indicator.o
LOAD .build/obj_keychron_k10_max_ansi_rgb_default/common/wireless/wireless_main.o
LOAD .build/obj_keychron_k10_max_ansi_rgb_default/common/wireless/transport.o
LOAD .build/obj_keychron_k10_max_ansi_rgb_default/common/wireless/lpm.o
LOAD .build/obj_keychron_k10_max_ansi_rgb_default/common/wireless/lpm_stm32f401.o
LOAD .build/obj_keychron_k10_max_ansi_rgb_default/common/wireless/battery.o
LOAD .build/obj_keychron_k10_max_ansi_rgb_default/common/wireless/bat_level_animation.o
LOAD .build/obj_keychron_k10_max_ansi_rgb_default/common/wireless/rtc_timer.o
LOAD .build/obj_keychron_k10_max_ansi_rgb_default/common/wireless/keychron_wireless_common.o
LOAD .build/obj_keychron_k10_max_ansi_rgb_default/common/keychron_task.o
LOAD .build/obj_keychron_k10_max_ansi_rgb_default/common/keychron_common.o
LOAD .build/obj_keychron_k10_max_ansi_rgb_default/common/keychron_raw_hid.o
LOAD .build/obj_keychron_k10_max_ansi_rgb_default/common/factory_test.o
LOAD .build/obj_keychron_k10_max_ansi_rgb_default/common/eeconfig_kb.o
LOAD .build/obj_keychron_k10_max_ansi_rgb_default/common/dfu_info.o
LOAD .build/obj_keychron_k10_max_ansi_rgb_default/common/language/language.o
LOAD .build/obj_keychron_k10_max_ansi_rgb_default/keyboards/keychron/k10_max/k10_max.o
LOAD .build/obj_keychron_k10_max_ansi_rgb_default/keyboards/keychron/k10_max/ansi/rgb/rgb.o
LOAD .build/obj_keychron_k10_max_ansi_rgb_default/.build/obj_keychron_k10_max_ansi_rgb_default/src/default_keyboard.o
LOAD .build/obj_keychron_k10_max_ansi_rgb_default/quantum/keymap_introspection.o
LOAD .build/obj_keychron_k10_max_ansi_rgb_default/quantum/quantum.o
LOAD .build/obj_keychron_k10_max_ansi_rgb_default/quantum/bitwise.o
LOAD .build/obj_keychron_k10_max_ansi_rgb_default/quantum/led.o
LOAD .build/obj_keychron_k10_max_ansi_rgb_default/quantum/action.o
LOAD .build/obj_keychron_k10_max_ansi_rgb_default/quantum/action_layer.o
LOAD .build/obj_keychron_k10_max_ansi_rgb_default/quantum/action_tapping.o
LOAD .build/obj_keychron_k10_max_ansi_rgb_default/quantum/action_util.o
LOAD .build/obj_keychron_k10_max_ansi_rgb_default/quantum/eeconfig.o
LOAD .build/obj_keychron_k10_max_ansi_rgb_default/quantum/keyboard.o
LOAD .build/obj_keychron_k10_max_ansi_rgb_default/quantum/keymap_common.o
LOAD .build/obj_keychron_k10_max_ansi_rgb_default/quantum/keycode_config.o
LOAD .build/obj_keychron_k10_max_ansi_rgb_default/quantum/sync_timer.o
LOAD .build/obj_keychron_k10_max_ansi_rgb_default/quantum/logging/debug.o
LOAD .build/obj_keychron_k10_max_ansi_rgb_default/quantum/logging/sendchar.o
LOAD .build/obj_keychron_k10_max_ansi_rgb_default/quantum/logging/print.o
LOAD .build/obj_keychron_k10_max_ansi_rgb_default/quantum/bootmagic/bootmagic_lite.o
LOAD .build/obj_keychron_k10_max_ansi_rgb_default/quantum/bootmagic/magic.o
LOAD .build/obj_keychron_k10_max_ansi_rgb_default/quantum/matrix_common.o
LOAD .build/obj_keychron_k10_max_ansi_rgb_default/quantum/matrix.o
LOAD .build/obj_keychron_k10_max_ansi_rgb_default/quantum/debounce/sym_defer_g.o
LOAD .build/obj_keychron_k10_max_ansi_rgb_default/quantum/main.o
LOAD .build/obj_keychron_k10_max_ansi_rgb_default/printf.o
LOAD .build/obj_keychron_k10_max_ansi_rgb_default/eeprom_driver.o
LOAD .build/obj_keychron_k10_max_ansi_rgb_default/eeprom_wear_leveling.o
LOAD .build/obj_keychron_k10_max_ansi_rgb_default/wear_leveling.o
LOAD .build/obj_keychron_k10_max_ansi_rgb_default/wear_leveling_efl.o
LOAD .build/obj_keychron_k10_max_ansi_rgb_default/quantum/color.o
LOAD .build/obj_keychron_k10_max_ansi_rgb_default/quantum/rgb_matrix/rgb_matrix.o
LOAD .build/obj_keychron_k10_max_ansi_rgb_default/quantum/rgb_matrix/rgb_matrix_drivers.o
LOAD .build/obj_keychron_k10_max_ansi_rgb_default/snled27351-spi.o
LOAD .build/obj_keychron_k10_max_ansi_rgb_default/quantum/process_keycode/process_rgb.o
LOAD .build/obj_keychron_k10_max_ansi_rgb_default/quantum/led_tables.o
LOAD .build/obj_keychron_k10_max_ansi_rgb_default/qmk_fnv_type_validation.o
LOAD .build/obj_keychron_k10_max_ansi_rgb_default/hash_32a.o
LOAD .build/obj_keychron_k10_max_ansi_rgb_default/hash_64a.o
LOAD .build/obj_keychron_k10_max_ansi_rgb_default/lib/lib8tion/lib8tion.o
LOAD .build/obj_keychron_k10_max_ansi_rgb_default/quantum/dip_switch.o
LOAD .build/obj_keychron_k10_max_ansi_rgb_default/quantum/process_keycode/process_grave_esc.o
LOAD .build/obj_keychron_k10_max_ansi_rgb_default/quantum/process_keycode/process_magic.o
LOAD .build/obj_keychron_k10_max_ansi_rgb_default/quantum/mousekey.o
LOAD .build/obj_keychron_k10_max_ansi_rgb_default/quantum/send_string/send_string.o
LOAD .build/obj_keychron_k10_max_ansi_rgb_default/quantum/process_keycode/process_space_cadet.o
LOAD .build/obj_keychron_k10_max_ansi_rgb_default/protocol/host.o
LOAD .build/obj_keychron_k10_max_ansi_rgb_default/protocol/report.o
LOAD .build/obj_keychron_k10_max_ansi_rgb_default/protocol/usb_device_state.o
LOAD .build/obj_keychron_k10_max_ansi_rgb_default/protocol/usb_util.o
LOAD .build/obj_keychron_k10_max_ansi_rgb_default/platforms/suspend.o
LOAD .build/obj_keychron_k10_max_ansi_rgb_default/platforms/synchronization_util.o
LOAD .build/obj_keychron_k10_max_ansi_rgb_default/platforms/timer.o
LOAD .build/obj_keychron_k10_max_ansi_rgb_default/platforms/chibios/hardware_id.o
LOAD .build/obj_keychron_k10_max_ansi_rgb_default/platforms/chibios/platform.o
LOAD .build/obj_keychron_k10_max_ansi_rgb_default/platforms/chibios/suspend.o
LOAD .build/obj_keychron_k10_max_ansi_rgb_default/platforms/chibios/timer.o
LOAD .build/obj_keychron_k10_max_ansi_rgb_default/platforms/chibios/bootloaders/stm32_dfu.o
LOAD .build/obj_keychron_k10_max_ansi_rgb_default/spi_master.a
LOAD .build/obj_keychron_k10_max_ansi_rgb_default/./lib/chibios/os/common/startup/ARMCMx/compilers/GCC/crt0_v7m.o
LOAD .build/obj_keychron_k10_max_ansi_rgb_default/./lib/chibios/os/common/startup/ARMCMx/compilers/GCC/vectors.o
LOAD .build/obj_keychron_k10_max_ansi_rgb_default/./lib/chibios/os/common/ports/ARMv7-M/compilers/GCC/chcoreasm.o
LOAD .build/obj_keychron_k10_max_ansi_rgb_default/protocol/chibios/usb_main.o
LOAD .build/obj_keychron_k10_max_ansi_rgb_default/protocol/chibios/chibios.o
LOAD .build/obj_keychron_k10_max_ansi_rgb_default/usb_descriptor.o
LOAD .build/obj_keychron_k10_max_ansi_rgb_default/protocol/chibios/usb_driver.o
LOAD .build/obj_keychron_k10_max_ansi_rgb_default/protocol/chibios/usb_endpoints.o
LOAD .build/obj_keychron_k10_max_ansi_rgb_default/protocol/chibios/usb_report_handling.o
LOAD .build/obj_keychron_k10_max_ansi_rgb_default/protocol/chibios/usb_util.o
LOAD .build/obj_keychron_k10_max_ansi_rgb_default/./lib/chibios/os/oslib/src/chmboxes.o
LOAD .build/obj_keychron_k10_max_ansi_rgb_default/./lib/chibios/os/oslib/src/chmemcore.o
LOAD .build/obj_keychron_k10_max_ansi_rgb_default/./lib/chibios/os/oslib/src/chmemheaps.o
LOAD .build/obj_keychron_k10_max_ansi_rgb_default/./lib/chibios/os/oslib/src/chmempools.o
LOAD .build/obj_keychron_k10_max_ansi_rgb_default/./lib/chibios/os/oslib/src/chpipes.o
LOAD .build/obj_keychron_k10_max_ansi_rgb_default/./lib/chibios/os/oslib/src/chobjcaches.o
LOAD .build/obj_keychron_k10_max_ansi_rgb_default/./lib/chibios/os/oslib/src/chdelegates.o
LOAD .build/obj_keychron_k10_max_ansi_rgb_default/./lib/chibios/os/oslib/src/chfactory.o
LOAD .build/obj_keychron_k10_max_ansi_rgb_default/lib/chibios/os/common/startup/ARMCMx/compilers/GCC/crt1.o
LOAD .build/obj_keychron_k10_max_ansi_rgb_default/lib/chibios/os/rt/src/chsys.o
LOAD .build/obj_keychron_k10_max_ansi_rgb_default/lib/chibios/os/rt/src/chrfcu.o
LOAD .build/obj_keychron_k10_max_ansi_rgb_default/lib/chibios/os/rt/src/chdebug.o
LOAD .build/obj_keychron_k10_max_ansi_rgb_default/lib/chibios/os/rt/src/chtrace.o
LOAD .build/obj_keychron_k10_max_ansi_rgb_default/lib/chibios/os/rt/src/chvt.o
LOAD .build/obj_keychron_k10_max_ansi_rgb_default/lib/chibios/os/rt/src/chschd.o
LOAD .build/obj_keychron_k10_max_ansi_rgb_default/lib/chibios/os/rt/src/chinstances.o
LOAD .build/obj_keychron_k10_max_ansi_rgb_default/lib/chibios/os/rt/src/chthreads.o
LOAD .build/obj_keychron_k10_max_ansi_rgb_default/lib/chibios/os/rt/src/chtm.o
LOAD .build/obj_keychron_k10_max_ansi_rgb_default/lib/chibios/os/rt/src/chstats.o
LOAD .build/obj_keychron_k10_max_ansi_rgb_default/lib/chibios/os/rt/src/chregistry.o
LOAD .build/obj_keychron_k10_max_ansi_rgb_default/lib/chibios/os/rt/src/chsem.o
LOAD .build/obj_keychron_k10_max_ansi_rgb_default/lib/chibios/os/rt/src/chmtx.o
LOAD .build/obj_keychron_k10_max_ansi_rgb_default/lib/chibios/os/rt/src/chcond.o
LOAD .build/obj_keychron_k10_max_ansi_rgb_default/lib/chibios/os/rt/src/chevents.o
LOAD .build/obj_keychron_k10_max_ansi_rgb_default/lib/chibios/os/rt/src/chmsg.o
LOAD .build/obj_keychron_k10_max_ansi_rgb_default/lib/chibios/os/rt/src/chdynamic.o
LOAD .build/obj_keychron_k10_max_ansi_rgb_default/lib/chibios/os/common/ports/ARMv7-M/chcore.o
LOAD .build/obj_keychron_k10_max_ansi_rgb_default/lib/chibios/os/hal/osal/rt-nil/osal.o
LOAD .build/obj_keychron_k10_max_ansi_rgb_default/lib/chibios/os/hal/src/hal.o
LOAD .build/obj_keychron_k10_max_ansi_rgb_default/lib/chibios/os/hal/src/hal_st.o
LOAD .build/obj_keychron_k10_max_ansi_rgb_default/lib/chibios/os/hal/src/hal_buffers.o
LOAD .build/obj_keychron_k10_max_ansi_rgb_default/lib/chibios/os/hal/src/hal_queues.o
LOAD .build/obj_keychron_k10_max_ansi_rgb_default/lib/chibios/os/hal/src/hal_flash.o
LOAD .build/obj_keychron_k10_max_ansi_rgb_default/lib/chibios/os/hal/src/hal_mmcsd.o
LOAD .build/obj_keychron_k10_max_ansi_rgb_default/lib/chibios/os/hal/src/hal_adc.o
LOAD .build/obj_keychron_k10_max_ansi_rgb_default/lib/chibios/os/hal/src/hal_can.o
LOAD .build/obj_keychron_k10_max_ansi_rgb_default/lib/chibios/os/hal/src/hal_crypto.o
LOAD .build/obj_keychron_k10_max_ansi_rgb_default/lib/chibios/os/hal/src/hal_dac.o
LOAD .build/obj_keychron_k10_max_ansi_rgb_default/lib/chibios/os/hal/src/hal_efl.o
LOAD .build/obj_keychron_k10_max_ansi_rgb_default/lib/chibios/os/hal/src/hal_gpt.o
LOAD .build/obj_keychron_k10_max_ansi_rgb_default/lib/chibios/os/hal/src/hal_i2c.o
LOAD .build/obj_keychron_k10_max_ansi_rgb_default/lib/chibios/os/hal/src/hal_i2s.o
LOAD .build/obj_keychron_k10_max_ansi_rgb_default/lib/chibios/os/hal/src/hal_icu.o
LOAD .build/obj_keychron_k10_max_ansi_rgb_default/lib/chibios/os/hal/src/hal_mac.o
LOAD .build/obj_keychron_k10_max_ansi_rgb_default/lib/chibios/os/hal/src/hal_mmc_spi.o
LOAD .build/obj_keychron_k10_max_ansi_rgb_default/lib/chibios/os/hal/src/hal_pal.o
LOAD .build/obj_keychron_k10_max_ansi_rgb_default/lib/chibios/os/hal/src/hal_pwm.o
LOAD .build/obj_keychron_k10_max_ansi_rgb_default/lib/chibios/os/hal/src/hal_rtc.o
LOAD .build/obj_keychron_k10_max_ansi_rgb_default/lib/chibios/os/hal/src/hal_sdc.o
LOAD .build/obj_keychron_k10_max_ansi_rgb_default/lib/chibios/os/hal/src/hal_serial.o
LOAD .build/obj_keychron_k10_max_ansi_rgb_default/lib/chibios/os/hal/src/hal_serial_usb.o
LOAD .build/obj_keychron_k10_max_ansi_rgb_default/lib/chibios/os/hal/src/hal_sio.o
LOAD .build/obj_keychron_k10_max_ansi_rgb_default/lib/chibios/os/hal/src/hal_spi.o
LOAD .build/obj_keychron_k10_max_ansi_rgb_default/lib/chibios/os/hal/src/hal_trng.o
LOAD .build/obj_keychron_k10_max_ansi_rgb_default/lib/chibios/os/hal/src/hal_uart.o
LOAD .build/obj_keychron_k10_max_ansi_rgb_default/lib/chibios/os/hal/src/hal_usb.o
LOAD .build/obj_keychron_k10_max_ansi_rgb_default/lib/chibios/os/hal/src/hal_wdg.o
LOAD .build/obj_keychron_k10_max_ansi_rgb_default/lib/chibios/os/hal/src/hal_wspi.o
LOAD .build/obj_keychron_k10_max_ansi_rgb_default/lib/chibios/os/hal/ports/common/ARMCMx/nvic.o
LOAD .build/obj_keychron_k10_max_ansi_rgb_default/lib/chibios/os/hal/ports/STM32/STM32F4xx/stm32_isr.o
LOAD .build/obj_keychron_k10_max_ansi_rgb_default/lib/chibios/os/hal/ports/STM32/STM32F4xx/hal_lld.o
LOAD .build/obj_keychron_k10_max_ansi_rgb_default/lib/chibios/os/hal/ports/STM32/STM32F4xx/hal_efl_lld.o
LOAD .build/obj_keychron_k10_max_ansi_rgb_default/lib/chibios/os/hal/ports/STM32/LLD/ADCv2/hal_adc_lld.o
LOAD .build/obj_keychron_k10_max_ansi_rgb_default/lib/chibios/os/hal/ports/STM32/LLD/CANv1/hal_can_lld.o
LOAD .build/obj_keychron_k10_max_ansi_rgb_default/lib/chibios/os/hal/ports/STM32/LLD/CRYPv1/hal_crypto_lld.o
LOAD .build/obj_keychron_k10_max_ansi_rgb_default/lib/chibios/os/hal/ports/STM32/LLD/DACv1/hal_dac_lld.o
LOAD .build/obj_keychron_k10_max_ansi_rgb_default/lib/chibios/os/hal/ports/STM32/LLD/DMAv2/stm32_dma.o
LOAD .build/obj_keychron_k10_max_ansi_rgb_default/lib/chibios/os/hal/ports/STM32/LLD/EXTIv1/stm32_exti.o
LOAD .build/obj_keychron_k10_max_ansi_rgb_default/lib/chibios/os/hal/ports/STM32/LLD/GPIOv2/hal_pal_lld.o
LOAD .build/obj_keychron_k10_max_ansi_rgb_default/lib/chibios/os/hal/ports/STM32/LLD/I2Cv1/hal_i2c_lld.o
LOAD .build/obj_keychron_k10_max_ansi_rgb_default/lib/chibios/os/hal/ports/STM32/LLD/MACv1/hal_mac_lld.o
LOAD .build/obj_keychron_k10_max_ansi_rgb_default/lib/chibios/os/hal/ports/STM32/LLD/OTGv1/hal_usb_lld.o
LOAD .build/obj_keychron_k10_max_ansi_rgb_default/lib/chibios/os/hal/ports/STM32/LLD/QUADSPIv1/hal_wspi_lld.o
LOAD .build/obj_keychron_k10_max_ansi_rgb_default/lib/chibios/os/hal/ports/STM32/LLD/RTCv2/hal_rtc_lld.o
LOAD .build/obj_keychron_k10_max_ansi_rgb_default/lib/chibios/os/hal/ports/STM32/LLD/SPIv1/hal_i2s_lld.o
LOAD .build/obj_keychron_k10_max_ansi_rgb_default/lib/chibios/os/hal/ports/STM32/LLD/SPIv1/hal_spi_v2_lld.o
LOAD .build/obj_keychron_k10_max_ansi_rgb_default/lib/chibios/os/hal/ports/STM32/LLD/SDIOv1/hal_sdc_lld.o
LOAD .build/obj_keychron_k10_max_ansi_rgb_default/lib/chibios/os/hal/ports/STM32/LLD/SYSTICKv1/hal_st_lld.o
LOAD .build/obj_keychron_k10_max_ansi_rgb_default/lib/chibios/os/hal/ports/STM32/LLD/TIMv1/hal_gpt_lld.o
LOAD .build/obj_keychron_k10_max_ansi_rgb_default/lib/chibios/os/hal/ports/STM32/LLD/TIMv1/hal_icu_lld.o
LOAD .build/obj_keychron_k10_max_ansi_rgb_default/lib/chibios/os/hal/ports/STM32/LLD/TIMv1/hal_pwm_lld.o
LOAD .build/obj_keychron_k10_max_ansi_rgb_default/lib/chibios/os/hal/ports/STM32/LLD/USARTv1/hal_serial_lld.o
LOAD .build/obj_keychron_k10_max_ansi_rgb_default/lib/chibios/os/hal/ports/STM32/LLD/USARTv1/hal_uart_lld.o
LOAD .build/obj_keychron_k10_max_ansi_rgb_default/lib/chibios/os/hal/ports/STM32/LLD/xWDGv1/hal_wdg_lld.o
LOAD .build/obj_keychron_k10_max_ansi_rgb_default/lib/chibios/os/hal/boards/ST_STM32F401C_DISCOVERY/board.o
LOAD .build/obj_keychron_k10_max_ansi_rgb_default/lib/chibios/os/hal/lib/streams/chprintf.o
LOAD .build/obj_keychron_k10_max_ansi_rgb_default/lib/chibios/os/hal/lib/streams/chscanf.o
LOAD .build/obj_keychron_k10_max_ansi_rgb_default/lib/chibios/os/hal/lib/streams/memstreams.o
LOAD .build/obj_keychron_k10_max_ansi_rgb_default/lib/chibios/os/hal/lib/streams/nullstreams.o
LOAD .build/obj_keychron_k10_max_ansi_rgb_default/lib/chibios/os/hal/lib/streams/bufstreams.o
LOAD .build/obj_keychron_k10_max_ansi_rgb_default/lib/chibios/os/various/syscalls.o
LOAD .build/obj_keychron_k10_max_ansi_rgb_default/platforms/chibios/syscall-fallbacks.o
LOAD .build/obj_keychron_k10_max_ansi_rgb_default/platforms/chibios/wait.o
LOAD .build/obj_keychron_k10_max_ansi_rgb_default/platforms/chibios/synchronization_util.o
LOAD .build/obj_keychron_k10_max_ansi_rgb_default/platforms/chibios/interrupt_handlers.o
                0x00000800                        __process_stack_size__ = 0x800
                0x00000400                        __main_stack_size__ = 0x400
LOAD C:/QMK_MSYS/mingw64/bin/../lib/gcc/arm-none-eabi/13.3.0/../../../../arm-none-eabi/lib/thumb/v7e-m+fp/hard\libm.a
START GROUP
LOAD C:/QMK_MSYS/mingw64/bin/../lib/gcc/arm-none-eabi/13.3.0/thumb/v7e-m+fp/hard\libgcc.a
LOAD C:/QMK_MSYS/mingw64/bin/../lib/gcc/arm-none-eabi/13.3.0/../../../../arm-none-eabi/lib/thumb/v7e-m+fp/hard\libg_nano.a
LOAD C:/QMK_MSYS/mingw64/bin/../lib/gcc/arm-none-eabi/13.3.0/../../../../arm-none-eabi/lib/thumb/v7e-m+fp/hard\libc_nano.a
END GROUP
START GROUP
LOAD C:/QMK_MSYS/mingw64/bin/../lib/gcc/arm-none-eabi/13.3.0/thumb/v7e-m+fp/hard\libgcc.a
LOAD C:/QMK_MSYS/mingw64/bin/../lib/gcc/arm-none-eabi/13.3.0/../../../../arm-none-eabi/lib/thumb/v7e-m+fp/hard\libc_nano.a
END GROUP

.mstack         0x20000000      0x400
                0x20000000                        . = ALIGN (0x8)
                0x20000000                        __main_stack_base__ = .
                0x20000400                        . = (. + __main_stack_size__)
 *fill*         0x20000000      0x400 
                0x20000400                        . = ALIGN (0x8)
                0x20000400                        __main_stack_end__ = .

.pstack         0x20000400      0x800
                0x20000400                        . = ALIGN (0x8)
                0x20000400                        __process_stack_base__ = .
                0x20000400                        __main_thread_stack_base__ = .
                0x20000c00                        . = (. + __process_stack_size__)
 *fill*         0x20000400      0x800 
                0x20000c00                        . = ALIGN (0x8)
                0x20000c00                        __process_stack_end__ = .
                0x20000c00                        __main_thread_stack_end__ = .

.vectors        0x08000000      0x1e0
                0x08000000                        __textvectors_base__ = LOADADDR (.vectors)
                0x08000000                        __vectors_base__ = .
 *(.vectors)
 .vectors       0x08000000      0x1e0 .build/obj_keychron_k10_max_ansi_rgb_default/./lib/chibios/os/common/startup/ARMCMx/compilers/GCC/vectors.o
                0x08000000                _vectors
                0x080001e0                        __vectors_end__ = .

.xtors          0x08008000        0x0
                0x08008000                        __init_array_base__ = .
 *(SORT_BY_NAME(.init_array.*))
 *(.init_array)
                0x08008000                        __init_array_end__ = .
                0x08008000                        __fini_array_base__ = .
 *(.fini_array)
 *(SORT_BY_NAME(.fini_array.*))
                0x08008000                        __fini_array_end__ = .

.text           0x08008000     0xe6c2
                0x08008000                        __text_base__ = .
 *(.text)
 .text          0x08008000      0x11c .build/obj_keychron_k10_max_ansi_rgb_default/./lib/chibios/os/common/startup/ARMCMx/compilers/GCC/crt0_v7m.o
                0x08008000                _crt0_entry
 .text          0x0800811c        0x8 .build/obj_keychron_k10_max_ansi_rgb_default/./lib/chibios/os/common/startup/ARMCMx/compilers/GCC/vectors.o
                0x0800811c                Reset_Handler
                0x0800811e                VectorAC
                0x0800811e                DebugMon_Handler
                0x0800811e                Vector1A0
                0x0800811e                Vector11C
                0x0800811e                HardFault_Handler
                0x0800811e                Vector1B8
                0x0800811e                Vector19C
                0x0800811e                Vector8C
                0x0800811e                SysTick_Handler
                0x0800811e                VectorDC
                0x0800811e                PendSV_Handler
                0x0800811e                Vector168
                0x0800811e                NMI_Handler
                0x0800811e                Vector110
                0x0800811e                Vector1D8
                0x0800811e                VectorC8
                0x0800811e                Vector94
                0x0800811e                VectorA8
                0x0800811e                VectorB4
                0x0800811e                Vector160
                0x0800811e                Vector1B0
                0x0800811e                UsageFault_Handler
                0x0800811e                VectorEC
                0x0800811e                Vector40
                0x0800811e                VectorF8
                0x0800811e                Vector108
                0x0800811e                VectorBC
                0x0800811e                Vector190
                0x0800811e                Vector1C4
                0x0800811e                Vector1CC
                0x0800811e                Vector148
                0x0800811e                Vector188
                0x0800811e                Vector198
                0x0800811e                Vector118
                0x0800811e                VectorE8
                0x0800811e                VectorCC
                0x0800811e                Vector54
                0x0800811e                Vector98
                0x0800811e                VectorD8
                0x0800811e                Vector138
                0x0800811e                Vector24
                0x0800811e                Vector1AC
                0x0800811e                Vector178
                0x0800811e                SecureFault_Handler
                0x0800811e                Vector1A4
                0x0800811e                VectorD0
                0x0800811e                Vector1B4
                0x0800811e                Vector140
                0x0800811e                VectorC0
                0x0800811e                Vector1C0
                0x0800811e                Vector134
                0x0800811e                Vector1D0
                0x0800811e                VectorF0
                0x0800811e                Vector13C
                0x0800811e                Vector100
                0x0800811e                VectorF4
                0x0800811e                MemManage_Handler
                0x0800811e                VectorA0
                0x0800811e                VectorC4
                0x0800811e                Vector180
                0x0800811e                Vector90
                0x0800811e                Vector114
                0x0800811e                Vector164
                0x0800811e                Vector1BC
                0x0800811e                Vector1D4
                0x0800811e                Vector17C
                0x0800811e                Vector1A8
                0x0800811e                Vector16C
                0x0800811e                VectorD4
                0x0800811e                Vector144
                0x0800811e                Vector15C
                0x0800811e                Vector18C
                0x0800811e                Vector170
                0x0800811e                Vector88
                0x0800811e                Vector104
                0x0800811e                Vector184
                0x0800811e                Vector10C
                0x0800811e                BusFault_Handler
                0x0800811e                Vector50
                0x0800811e                Vector1C8
                0x0800811e                Vector194
                0x0800811e                Vector1DC
                0x0800811e                Vector44
                0x0800811e                Vector28
                0x0800811e                VectorB8
                0x0800811e                Vector34
                0x0800811e                VectorA4
                0x0800811e                Vector20
                0x0800811e                Vector174
                0x08008122                _unhandled_exception
 .text          0x08008124       0x32 .build/obj_keychron_k10_max_ansi_rgb_default/./lib/chibios/os/common/ports/ARMv7-M/compilers/GCC/chcoreasm.o
                0x08008124                __port_switch
                0x0800813c                __port_thread_start
                0x0800814e                __port_switch_from_isr
                0x08008152                __port_exit_from_isr
 *fill*         0x08008156        0x2 
 .text          0x08008158       0x30 C:/QMK_MSYS/mingw64/bin/../lib/gcc/arm-none-eabi/13.3.0/thumb/v7e-m+fp/hard\libgcc.a(_aeabi_uldivmod.o)
                0x08008158                __aeabi_uldivmod
 .text          0x08008188        0x4 C:/QMK_MSYS/mingw64/bin/../lib/gcc/arm-none-eabi/13.3.0/thumb/v7e-m+fp/hard\libgcc.a(_dvmd_tls.o)
                0x08008188                __aeabi_idiv0
                0x08008188                __aeabi_ldiv0
 .text          0x0800818c       0x10 C:/QMK_MSYS/mingw64/bin/../lib/gcc/arm-none-eabi/13.3.0/../../../../arm-none-eabi/lib/thumb/v7e-m+fp/hard\libg_nano.a(libc_a-abort.o)
                0x0800818c                abort
 .text          0x0800819c       0x58 C:/QMK_MSYS/mingw64/bin/../lib/gcc/arm-none-eabi/13.3.0/../../../../arm-none-eabi/lib/thumb/v7e-m+fp/hard\libg_nano.a(libc_a-itoa.o)
                0x0800819c                __itoa
                0x080081c8                itoa
 *fill*         0x080081f4        0x4 
 .text          0x080081f8       0xfc C:/QMK_MSYS/mingw64/bin/../lib/gcc/arm-none-eabi/13.3.0/../../../../arm-none-eabi/lib/thumb/v7e-m+fp/hard\libg_nano.a(libc_a-rand.o)
                0x080081f8                srand
                0x0800825c                rand
 .text          0x080082f4       0xa0 C:/QMK_MSYS/mingw64/bin/../lib/gcc/arm-none-eabi/13.3.0/../../../../arm-none-eabi/lib/thumb/v7e-m+fp/hard\libg_nano.a(libc_a-utoa.o)
                0x080082f4                __utoa
                0x08008390                utoa
 .text          0x08008394       0x60 C:/QMK_MSYS/mingw64/bin/../lib/gcc/arm-none-eabi/13.3.0/../../../../arm-none-eabi/lib/thumb/v7e-m+fp/hard\libg_nano.a(libc_a-memcmp.o)
                0x08008394                memcmp
 .text          0x080083f4       0xa4 C:/QMK_MSYS/mingw64/bin/../lib/gcc/arm-none-eabi/13.3.0/../../../../arm-none-eabi/lib/thumb/v7e-m+fp/hard\libg_nano.a(libc_a-memset.o)
                0x080083f4                memset
 .text          0x08008498      0x260 C:/QMK_MSYS/mingw64/bin/../lib/gcc/arm-none-eabi/13.3.0/../../../../arm-none-eabi/lib/thumb/v7e-m+fp/hard\libg_nano.a(libc_a-signal.o)
                0x08008498                _init_signal_r
                0x080084c4                _signal_r
                0x08008510                _raise_r
                0x08008560                __sigtramp_r
                0x080085c0                raise
                0x08008614                signal
                0x08008660                _init_signal
                0x08008694                __sigtramp
 .text          0x080086f8       0x30 C:/QMK_MSYS/mingw64/bin/../lib/gcc/arm-none-eabi/13.3.0/../../../../arm-none-eabi/lib/thumb/v7e-m+fp/hard\libg_nano.a(libc_a-signalr.o)
                0x080086f8                _kill_r
                0x08008724                _getpid_r
 .text          0x08008728      0x134 C:/QMK_MSYS/mingw64/bin/../lib/gcc/arm-none-eabi/13.3.0/../../../../arm-none-eabi/lib/thumb/v7e-m+fp/hard\libg_nano.a(libc_a-memcpy.o)
                0x08008728                memcpy
 *fill*         0x0800885c       0x24 
 .text          0x08008880       0xd8 C:/QMK_MSYS/mingw64/bin/../lib/gcc/arm-none-eabi/13.3.0/../../../../arm-none-eabi/lib/thumb/v7e-m+fp/hard\libg_nano.a(libc_a-strlen.o)
                0x08008880                strlen
 .text          0x08008958       0x4c C:/QMK_MSYS/mingw64/bin/../lib/gcc/arm-none-eabi/13.3.0/../../../../arm-none-eabi/lib/thumb/v7e-m+fp/hard\libg_nano.a(libc_a-assert.o)
                0x08008958                __assert_func
                0x08008998                __assert
 .text          0x080089a4       0x20 C:/QMK_MSYS/mingw64/bin/../lib/gcc/arm-none-eabi/13.3.0/../../../../arm-none-eabi/lib/thumb/v7e-m+fp/hard\libg_nano.a(libc_a-malloc.o)
                0x080089a4                malloc
                0x080089b4                free
 .text          0x080089c4      0x140 C:/QMK_MSYS/mingw64/bin/../lib/gcc/arm-none-eabi/13.3.0/../../../../arm-none-eabi/lib/thumb/v7e-m+fp/hard\libg_nano.a(libc_a-mallocr.o)
                0x08008a0c                _malloc_r
 .text          0x08008b04       0x18 C:/QMK_MSYS/mingw64/bin/../lib/gcc/arm-none-eabi/13.3.0/../../../../arm-none-eabi/lib/thumb/v7e-m+fp/hard\libg_nano.a(libc_a-mlock.o)
                0x08008b04                __malloc_lock
                0x08008b10                __malloc_unlock
 .text          0x08008b1c       0x44 C:/QMK_MSYS/mingw64/bin/../lib/gcc/arm-none-eabi/13.3.0/../../../../arm-none-eabi/lib/thumb/v7e-m+fp/hard\libg_nano.a(libc_a-fprintf.o)
                0x08008b1c                _fprintf_r
                0x08008b1c                _fiprintf_r
                0x08008b38                fiprintf
                0x08008b38                fprintf
 .text          0x08008b60       0x28 C:/QMK_MSYS/mingw64/bin/../lib/gcc/arm-none-eabi/13.3.0/../../../../arm-none-eabi/lib/thumb/v7e-m+fp/hard\libg_nano.a(libc_a-lock.o)
                0x08008b60                __retarget_lock_init
                0x08008b64                __retarget_lock_init_recursive
                0x08008b68                __retarget_lock_close
                0x08008b6c                __retarget_lock_close_recursive
                0x08008b70                __retarget_lock_acquire
                0x08008b74                __retarget_lock_acquire_recursive
                0x08008b78                __retarget_lock_try_acquire
                0x08008b7c                __retarget_lock_try_acquire_recursive
                0x08008b80                __retarget_lock_release
                0x08008b84                __retarget_lock_release_recursive
 .text          0x08008b88       0xbc C:/QMK_MSYS/mingw64/bin/../lib/gcc/arm-none-eabi/13.3.0/../../../../arm-none-eabi/lib/thumb/v7e-m+fp/hard\libg_nano.a(libc_a-freer.o)
                0x08008b88                _free_r
 .text          0x08008c44      0x368 C:/QMK_MSYS/mingw64/bin/../lib/gcc/arm-none-eabi/13.3.0/../../../../arm-none-eabi/lib/thumb/v7e-m+fp/hard\libg_nano.a(libc_a-nano-vfprintf.o)
                0x08008c80                __sfputs_r
                0x08008cb0                __sprint_r
                0x08008cd0                _vfiprintf_r
                0x08008cd0                _vfprintf_r
                0x08008f90                vfprintf
                0x08008f90                vfiprintf
 .text          0x08008fac      0x3a4 C:/QMK_MSYS/mingw64/bin/../lib/gcc/arm-none-eabi/13.3.0/../../../../arm-none-eabi/lib/thumb/v7e-m+fp/hard\libg_nano.a(libc_a-nano-vfprintf_i.o)
                0x08008fac                _printf_common
                0x080090d0                _printf_i
 .text          0x08009350      0x2dc C:/QMK_MSYS/mingw64/bin/../lib/gcc/arm-none-eabi/13.3.0/../../../../arm-none-eabi/lib/thumb/v7e-m+fp/hard\libg_nano.a(libc_a-findfp.o)
                0x080094cc                __sfp
                0x0800958c                __sinit
                0x080095cc                __sfp_lock_acquire
                0x080095d8                __sfp_lock_release
                0x080095e4                __fp_lock_all
                0x08009608                __fp_unlock_all
 .text          0x0800962c      0x300 C:/QMK_MSYS/mingw64/bin/../lib/gcc/arm-none-eabi/13.3.0/../../../../arm-none-eabi/lib/thumb/v7e-m+fp/hard\libg_nano.a(libc_a-fvwrite.o)
                0x0800962c                __sfvwrite_r
 .text          0x0800992c       0x48 C:/QMK_MSYS/mingw64/bin/../lib/gcc/arm-none-eabi/13.3.0/../../../../arm-none-eabi/lib/thumb/v7e-m+fp/hard\libg_nano.a(libc_a-fwalk.o)
                0x0800992c                _fwalk_sglue
 .text          0x08009974       0x94 C:/QMK_MSYS/mingw64/bin/../lib/gcc/arm-none-eabi/13.3.0/../../../../arm-none-eabi/lib/thumb/v7e-m+fp/hard\libg_nano.a(libc_a-stdio.o)
                0x08009974                __sread
                0x08009998                __seofread
                0x0800999c                __swrite
                0x080099dc                __sseek
                0x08009a00                __sclose
 .text          0x08009a08       0xa0 C:/QMK_MSYS/mingw64/bin/../lib/gcc/arm-none-eabi/13.3.0/../../../../arm-none-eabi/lib/thumb/v7e-m+fp/hard\libg_nano.a(libc_a-wbuf.o)
                0x08009a08                __swbuf_r
                0x08009a90                __swbuf
 .text          0x08009aa8       0xc0 C:/QMK_MSYS/mingw64/bin/../lib/gcc/arm-none-eabi/13.3.0/../../../../arm-none-eabi/lib/thumb/v7e-m+fp/hard\libg_nano.a(libc_a-wsetup.o)
                0x08009aa8                __swsetup_r
 .text          0x08009b68      0x100 C:/QMK_MSYS/mingw64/bin/../lib/gcc/arm-none-eabi/13.3.0/../../../../arm-none-eabi/lib/thumb/v7e-m+fp/hard\libg_nano.a(libc_a-memmove.o)
                0x08009b68                memmove
 *fill*         0x08009c68        0x8 
 .text          0x08009c70       0xa0 C:/QMK_MSYS/mingw64/bin/../lib/gcc/arm-none-eabi/13.3.0/../../../../arm-none-eabi/lib/thumb/v7e-m+fp/hard\libg_nano.a(libc_a-memchr.o)
                0x08009c70                memchr
 .text          0x08009d10       0x68 C:/QMK_MSYS/mingw64/bin/../lib/gcc/arm-none-eabi/13.3.0/../../../../arm-none-eabi/lib/thumb/v7e-m+fp/hard\libg_nano.a(libc_a-reallocr.o)
                0x08009d10                _realloc_r
 .text          0x08009d78      0x1a0 C:/QMK_MSYS/mingw64/bin/../lib/gcc/arm-none-eabi/13.3.0/../../../../arm-none-eabi/lib/thumb/v7e-m+fp/hard\libg_nano.a(libc_a-fflush.o)
                0x08009d78                __sflush_r
                0x08009e98                _fflush_r
                0x08009ef0                fflush
 .text          0x08009f18      0x114 C:/QMK_MSYS/mingw64/bin/../lib/gcc/arm-none-eabi/13.3.0/../../../../arm-none-eabi/lib/thumb/v7e-m+fp/hard\libg_nano.a(libc_a-makebuf.o)
                0x08009f18                __smakebuf_r
                0x08009fdc                __swhatbuf_r
 .text          0x0800a02c       0x10 C:/QMK_MSYS/mingw64/bin/../lib/gcc/arm-none-eabi/13.3.0/../../../../arm-none-eabi/lib/thumb/v7e-m+fp/hard\libg_nano.a(libc_a-msizer.o)
                0x0800a02c                _malloc_usable_size_r
 *(.text.*)
 .text.wreless_keyboard_leds
                0x0800a03c       0x18 .build/obj_keychron_k10_max_ansi_rgb_default/common/wireless/wireless.o
                0x0800a03c                wreless_keyboard_leds
 .text.wireless_event_queue_init
                0x0800a054       0x24 .build/obj_keychron_k10_max_ansi_rgb_default/common/wireless/wireless.o
                0x0800a054                wireless_event_queue_init
 .text.wireless_event_enqueue
                0x0800a078       0x44 .build/obj_keychron_k10_max_ansi_rgb_default/common/wireless/wireless.o
                0x0800a078                wireless_event_enqueue
 .text.wireless_init
                0x0800a0bc       0x28 .build/obj_keychron_k10_max_ansi_rgb_default/common/wireless/wireless.o
                0x0800a0bc                wireless_init
 .text.wireless_pairing_ex
                0x0800a0e4       0x30 .build/obj_keychron_k10_max_ansi_rgb_default/common/wireless/wireless.o
                0x0800a0e4                wireless_pairing_ex
 .text.wireless_connect
                0x0800a114       0x44 .build/obj_keychron_k10_max_ansi_rgb_default/common/wireless/wireless.o
                0x0800a114                wireless_connect
 .text.wireless_send_keyboard
                0x0800a158       0x6c .build/obj_keychron_k10_max_ansi_rgb_default/common/wireless/wireless.o
                0x0800a158                wireless_send_keyboard
 .text.wireless_send_nkro
                0x0800a1c4       0x6c .build/obj_keychron_k10_max_ansi_rgb_default/common/wireless/wireless.o
                0x0800a1c4                wireless_send_nkro
 .text.wireless_send_mouse
                0x0800a230       0x34 .build/obj_keychron_k10_max_ansi_rgb_default/common/wireless/wireless.o
                0x0800a230                wireless_send_mouse
 .text.wireless_connect_ex
                0x0800a264       0x48 .build/obj_keychron_k10_max_ansi_rgb_default/common/wireless/wireless.o
                0x0800a264                wireless_connect_ex
 .text.wireless_disconnect
                0x0800a2ac       0x10 .build/obj_keychron_k10_max_ansi_rgb_default/common/wireless/wireless.o
                0x0800a2ac                wireless_disconnect
 .text.wireless_enter_discoverable_kb
                0x0800a2bc        0x2 .build/obj_keychron_k10_max_ansi_rgb_default/common/wireless/wireless.o
                0x0800a2bc                wireless_enter_discoverable_kb
 .text.wireless_enter_reconnecting_kb
                0x0800a2be        0x2 .build/obj_keychron_k10_max_ansi_rgb_default/common/wireless/wireless.o
                0x0800a2be                wireless_enter_reconnecting_kb
 .text.wireless_enter_connected_kb
                0x0800a2c0        0x2 .build/obj_keychron_k10_max_ansi_rgb_default/common/wireless/wireless.o
                0x0800a2c0                wireless_enter_connected_kb
 .text.wireless_enter_bluetooth_pin_code_entry_kb
                0x0800a2c2        0x2 .build/obj_keychron_k10_max_ansi_rgb_default/common/wireless/wireless.o
                0x0800a2c2                wireless_enter_bluetooth_pin_code_entry_kb
 .text.wireless_exit_bluetooth_pin_code_entry_kb
                0x0800a2c4        0x2 .build/obj_keychron_k10_max_ansi_rgb_default/common/wireless/wireless.o
                0x0800a2c4                wireless_exit_bluetooth_pin_code_entry_kb
 .text.wireless_enter_sleep_kb
                0x0800a2c6        0x2 .build/obj_keychron_k10_max_ansi_rgb_default/common/wireless/wireless.o
                0x0800a2c6                wireless_enter_sleep_kb
 .text.wireless_send_system
                0x0800a2c8       0x20 .build/obj_keychron_k10_max_ansi_rgb_default/common/wireless/wireless.o
                0x0800a2c8                wireless_send_system
 .text.wireless_send_consumer
                0x0800a2e8       0x58 .build/obj_keychron_k10_max_ansi_rgb_default/common/wireless/wireless.o
                0x0800a2e8                wireless_send_consumer
 .text.wireless_send_extra
                0x0800a340       0x36 .build/obj_keychron_k10_max_ansi_rgb_default/common/wireless/wireless.o
                0x0800a340                wireless_send_extra
 *fill*         0x0800a376        0x2 
 .text.wireless_low_battery_shutdown
                0x0800a378       0x80 .build/obj_keychron_k10_max_ansi_rgb_default/common/wireless/wireless.o
                0x0800a378                wireless_low_battery_shutdown
 .text.wireless_event_task
                0x0800a3f8      0x210 .build/obj_keychron_k10_max_ansi_rgb_default/common/wireless/wireless.o
                0x0800a3f8                wireless_event_task
 .text.wireless_task
                0x0800a608       0x28 .build/obj_keychron_k10_max_ansi_rgb_default/common/wireless/wireless.o
                0x0800a608                wireless_task
 .text.wireless_get_state
                0x0800a630        0xc .build/obj_keychron_k10_max_ansi_rgb_default/common/wireless/wireless.o
                0x0800a630                wireless_get_state
 .text.process_record_wireless
                0x0800a63c       0x3c .build/obj_keychron_k10_max_ansi_rgb_default/common/wireless/wireless.o
                0x0800a63c                process_record_wireless
 .text.report_buffer_init
                0x0800a678       0x3c .build/obj_keychron_k10_max_ansi_rgb_default/common/wireless/report_buffer.o
                0x0800a678                report_buffer_init
 .text.report_buffer_enqueue
                0x0800a6b4       0x38 .build/obj_keychron_k10_max_ansi_rgb_default/common/wireless/report_buffer.o
                0x0800a6b4                report_buffer_enqueue
 .text.report_buffer_dequeue
                0x0800a6ec       0x34 .build/obj_keychron_k10_max_ansi_rgb_default/common/wireless/report_buffer.o
                0x0800a6ec                report_buffer_dequeue
 .text.report_buffer_is_empty
                0x0800a720       0x18 .build/obj_keychron_k10_max_ansi_rgb_default/common/wireless/report_buffer.o
                0x0800a720                report_buffer_is_empty
 .text.report_buffer_update_timer
                0x0800a738       0x10 .build/obj_keychron_k10_max_ansi_rgb_default/common/wireless/report_buffer.o
                0x0800a738                report_buffer_update_timer
 .text.report_buffer_next_inverval
                0x0800a748       0x20 .build/obj_keychron_k10_max_ansi_rgb_default/common/wireless/report_buffer.o
                0x0800a748                report_buffer_next_inverval
 .text.report_buffer_set_inverval
                0x0800a768        0xc .build/obj_keychron_k10_max_ansi_rgb_default/common/wireless/report_buffer.o
                0x0800a768                report_buffer_set_inverval
 .text.report_buffer_set_retry
                0x0800a774        0xc .build/obj_keychron_k10_max_ansi_rgb_default/common/wireless/report_buffer.o
                0x0800a774                report_buffer_set_retry
 .text.report_buffer_task
                0x0800a780       0xb8 .build/obj_keychron_k10_max_ansi_rgb_default/common/wireless/report_buffer.o
                0x0800a780                report_buffer_task
 .text.lkbt51_init
                0x0800a838       0x94 .build/obj_keychron_k10_max_ansi_rgb_default/common/wireless/lkbt51.o
                0x0800a838                lkbt51_init
 .text.lkbt51_wake
                0x0800a8cc       0x44 .build/obj_keychron_k10_max_ansi_rgb_default/common/wireless/lkbt51.o
 .text.lkbt51_send_cmd
                0x0800a910       0xd8 .build/obj_keychron_k10_max_ansi_rgb_default/common/wireless/lkbt51.o
                0x0800a910                lkbt51_send_cmd
 .text.lkbt51_send_keyboard
                0x0800a9e8       0x34 .build/obj_keychron_k10_max_ansi_rgb_default/common/wireless/lkbt51.o
                0x0800a9e8                lkbt51_send_keyboard
 .text.lkbt51_send_nkro
                0x0800aa1c       0x34 .build/obj_keychron_k10_max_ansi_rgb_default/common/wireless/lkbt51.o
                0x0800aa1c                lkbt51_send_nkro
 .text.lkbt51_send_consumer
                0x0800aa50       0x38 .build/obj_keychron_k10_max_ansi_rgb_default/common/wireless/lkbt51.o
                0x0800aa50                lkbt51_send_consumer
 .text.lkbt51_send_system
                0x0800aa88       0x40 .build/obj_keychron_k10_max_ansi_rgb_default/common/wireless/lkbt51.o
                0x0800aa88                lkbt51_send_system
 .text.lkbt51_send_mouse
                0x0800aac8       0x4c .build/obj_keychron_k10_max_ansi_rgb_default/common/wireless/lkbt51.o
                0x0800aac8                lkbt51_send_mouse
 .text.lkbt51_become_discoverable
                0x0800ab14       0x84 .build/obj_keychron_k10_max_ansi_rgb_default/common/wireless/lkbt51.o
                0x0800ab14                lkbt51_become_discoverable
 .text.lkbt51_connect
                0x0800ab98       0x40 .build/obj_keychron_k10_max_ansi_rgb_default/common/wireless/lkbt51.o
                0x0800ab98                lkbt51_connect
 .text.lkbt51_disconnect
                0x0800abd8       0x58 .build/obj_keychron_k10_max_ansi_rgb_default/common/wireless/lkbt51.o
                0x0800abd8                lkbt51_disconnect
 .text.lkbt51_update_bat_lvl
                0x0800ac30       0x30 .build/obj_keychron_k10_max_ansi_rgb_default/common/wireless/lkbt51.o
                0x0800ac30                lkbt51_update_bat_lvl
 .text.lkbt51_read
                0x0800ac60       0x58 .build/obj_keychron_k10_max_ansi_rgb_default/common/wireless/lkbt51.o
                0x0800ac60                lkbt51_read
 .text.lkbt51_send_conn_evt_ack
                0x0800acb8       0x28 .build/obj_keychron_k10_max_ansi_rgb_default/common/wireless/lkbt51.o
                0x0800acb8                lkbt51_send_conn_evt_ack
 .text.lkbt51_read_state_reg
                0x0800ace0       0x38 .build/obj_keychron_k10_max_ansi_rgb_default/common/wireless/lkbt51.o
                0x0800ace0                lkbt51_read_state_reg
 .text.lkbt51_update_bat_state
                0x0800ad18       0x30 .build/obj_keychron_k10_max_ansi_rgb_default/common/wireless/lkbt51.o
                0x0800ad18                lkbt51_update_bat_state
 .text.lkbt51_set_param
                0x0800ad48       0x34 .build/obj_keychron_k10_max_ansi_rgb_default/common/wireless/lkbt51.o
                0x0800ad48                lkbt51_set_param
 .text.lkbt51_set_local_name
                0x0800ad7c       0x3c .build/obj_keychron_k10_max_ansi_rgb_default/common/wireless/lkbt51.o
                0x0800ad7c                lkbt51_set_local_name
 .text.lkbt51_factory_reset
                0x0800adb8       0x40 .build/obj_keychron_k10_max_ansi_rgb_default/common/wireless/lkbt51.o
                0x0800adb8                lkbt51_factory_reset
 .text.lkbt51_int_pin_test
                0x0800adf8       0x30 .build/obj_keychron_k10_max_ansi_rgb_default/common/wireless/lkbt51.o
                0x0800adf8                lkbt51_int_pin_test
 .text.lkbt51_radio_test
                0x0800ae28       0x30 .build/obj_keychron_k10_max_ansi_rgb_default/common/wireless/lkbt51.o
                0x0800ae28                lkbt51_radio_test
 .text.lkbt51_dfu_tx
                0x0800ae58       0x7c .build/obj_keychron_k10_max_ansi_rgb_default/common/wireless/lkbt51.o
                0x0800ae58                lkbt51_dfu_tx
 .text.lkbt51_task
                0x0800aed4      0x2c4 .build/obj_keychron_k10_max_ansi_rgb_default/common/wireless/lkbt51.o
                0x0800aed4                lkbt51_task
 .text.lkbt51_dfu_rx
                0x0800b198       0x98 .build/obj_keychron_k10_max_ansi_rgb_default/common/wireless/lkbt51.o
                0x0800b198                lkbt51_dfu_rx
 .text.indicator_init
                0x0800b230       0x8c .build/obj_keychron_k10_max_ansi_rgb_default/common/wireless/indicator.o
                0x0800b230                indicator_init
 .text.indicator_enable
                0x0800b2bc       0x12 .build/obj_keychron_k10_max_ansi_rgb_default/common/wireless/indicator.o
                0x0800b2bc                indicator_enable
 .text.indicator_disable
                0x0800b2ce        0x4 .build/obj_keychron_k10_max_ansi_rgb_default/common/wireless/indicator.o
                0x0800b2ce                indicator_disable
 .text.indicator_set_backlit_timeout
                0x0800b2d2        0xe .build/obj_keychron_k10_max_ansi_rgb_default/common/wireless/indicator.o
                0x0800b2d2                indicator_set_backlit_timeout
 .text.indicator_is_enabled
                0x0800b2e0        0xe .build/obj_keychron_k10_max_ansi_rgb_default/common/wireless/indicator.o
                0x0800b2e0                indicator_is_enabled
 *fill*         0x0800b2ee        0x2 
 .text.indicator_eeconfig_reload
                0x0800b2f0       0x24 .build/obj_keychron_k10_max_ansi_rgb_default/common/wireless/indicator.o
                0x0800b2f0                indicator_eeconfig_reload
 .text.indicator_is_running
                0x0800b314       0x1c .build/obj_keychron_k10_max_ansi_rgb_default/common/wireless/indicator.o
                0x0800b314                indicator_is_running
 .text.indicator_stop
                0x0800b330       0x28 .build/obj_keychron_k10_max_ansi_rgb_default/common/wireless/indicator.o
                0x0800b330                indicator_stop
 .text.indicator_battery_low_enable
                0x0800b358       0x64 .build/obj_keychron_k10_max_ansi_rgb_default/common/wireless/indicator.o
                0x0800b358                indicator_battery_low_enable
 .text.indicator_battery_low
                0x0800b3bc       0x80 .build/obj_keychron_k10_max_ansi_rgb_default/common/wireless/indicator.o
                0x0800b3bc                indicator_battery_low
 .text.os_state_indicate
                0x0800b43c       0x30 .build/obj_keychron_k10_max_ansi_rgb_default/common/wireless/indicator.o
                0x0800b43c                os_state_indicate
 .text.rgb_matrix_indicators_bt
                0x0800b46c       0xd0 .build/obj_keychron_k10_max_ansi_rgb_default/common/wireless/indicator.o
                0x0800b46c                rgb_matrix_indicators_bt
 .text.indicator_timer_cb
                0x0800b53c      0x180 .build/obj_keychron_k10_max_ansi_rgb_default/common/wireless/indicator.o
 .text.indicator_set
                0x0800b6bc      0x1d8 .build/obj_keychron_k10_max_ansi_rgb_default/common/wireless/indicator.o
                0x0800b6bc                indicator_set
 .text.indicator_task
                0x0800b894       0x40 .build/obj_keychron_k10_max_ansi_rgb_default/common/wireless/indicator.o
                0x0800b894                indicator_task
 .text.rgb_matrix_none_indicators_kb
                0x0800b8d4       0x1c .build/obj_keychron_k10_max_ansi_rgb_default/common/wireless/indicator.o
                0x0800b8d4                rgb_matrix_none_indicators_kb
 .text.rgb_matrix_driver_allow_shutdown
                0x0800b8f0        0xe .build/obj_keychron_k10_max_ansi_rgb_default/common/wireless/indicator.o
                0x0800b8f0                rgb_matrix_driver_allow_shutdown
 *fill*         0x0800b8fe        0x2 
 .text.led_update_kb
                0x0800b900       0x54 .build/obj_keychron_k10_max_ansi_rgb_default/common/wireless/indicator.o
                0x0800b900                led_update_kb
 .text.wireless_post_task
                0x0800b954        0x2 .build/obj_keychron_k10_max_ansi_rgb_default/common/wireless/wireless_main.o
                0x0800b954                wireless_post_task
 .text.wireless_tasks
                0x0800b956       0x1e .build/obj_keychron_k10_max_ansi_rgb_default/common/wireless/wireless_main.o
                0x0800b956                wireless_tasks
 .text.bt_transport_enable
                0x0800b974       0x68 .build/obj_keychron_k10_max_ansi_rgb_default/common/wireless/transport.o
                0x0800b974                bt_transport_enable
 .text.p24g_transport_enable
                0x0800b9dc       0x68 .build/obj_keychron_k10_max_ansi_rgb_default/common/wireless/transport.o
                0x0800b9dc                p24g_transport_enable
 .text.usb_transport_enable
                0x0800ba44       0x3c .build/obj_keychron_k10_max_ansi_rgb_default/common/wireless/transport.o
                0x0800ba44                usb_transport_enable
 .text.set_transport
                0x0800ba80       0xe4 .build/obj_keychron_k10_max_ansi_rgb_default/common/wireless/transport.o
                0x0800ba80                set_transport
 .text.get_transport
                0x0800bb64        0xc .build/obj_keychron_k10_max_ansi_rgb_default/common/wireless/transport.o
                0x0800bb64                get_transport
 .text.usb_remote_wakeup
                0x0800bb70       0x88 .build/obj_keychron_k10_max_ansi_rgb_default/common/wireless/transport.o
                0x0800bb70                usb_remote_wakeup
 .text.select_all_cols
                0x0800bbf8       0x44 .build/obj_keychron_k10_max_ansi_rgb_default/common/wireless/lpm.o
                0x0800bbf8                select_all_cols
 .text.lpm_timer_reset
                0x0800bc3c       0x1c .build/obj_keychron_k10_max_ansi_rgb_default/common/wireless/lpm.o
                0x0800bc3c                lpm_timer_reset
 .text.lpm_init
                0x0800bc58       0x18 .build/obj_keychron_k10_max_ansi_rgb_default/common/wireless/lpm.o
                0x0800bc58                lpm_init
 .text.lpm_timer_stop
                0x0800bc70       0x14 .build/obj_keychron_k10_max_ansi_rgb_default/common/wireless/lpm.o
                0x0800bc70                lpm_timer_stop
 .text.usb_power_connected
                0x0800bc84       0x10 .build/obj_keychron_k10_max_ansi_rgb_default/common/wireless/lpm.o
                0x0800bc84                usb_power_connected
 .text.pre_enter_low_power_mode
                0x0800bc94      0x104 .build/obj_keychron_k10_max_ansi_rgb_default/common/wireless/lpm.o
                0x0800bc94                pre_enter_low_power_mode
 .text.lpm_task
                0x0800bd98      0x1c8 .build/obj_keychron_k10_max_ansi_rgb_default/common/wireless/lpm.o
                0x0800bd98                lpm_task
 .text.lpm_set  0x0800bf60       0x60 .build/obj_keychron_k10_max_ansi_rgb_default/common/wireless/lpm_stm32f401.o
                0x0800bf60                lpm_set
 .text.enter_power_mode
                0x0800bfc0       0x64 .build/obj_keychron_k10_max_ansi_rgb_default/common/wireless/lpm_stm32f401.o
                0x0800bfc0                enter_power_mode
 .text.battery_init
                0x0800c024       0x10 .build/obj_keychron_k10_max_ansi_rgb_default/common/wireless/battery.o
                0x0800c024                battery_init
 .text.battery_stop
                0x0800c034        0x2 .build/obj_keychron_k10_max_ansi_rgb_default/common/wireless/battery.o
                0x0800c034                battery_stop
 .text.battery_measure
                0x0800c036        0x8 .build/obj_keychron_k10_max_ansi_rgb_default/common/wireless/battery.o
                0x0800c036                battery_measure
 *fill*         0x0800c03e        0x2 
 .text.battery_calculate_voltage
                0x0800c040       0x78 .build/obj_keychron_k10_max_ansi_rgb_default/common/wireless/battery.o
                0x0800c040                battery_calculate_voltage
 .text.battery_get_percentage
                0x0800c0b8       0x58 .build/obj_keychron_k10_max_ansi_rgb_default/common/wireless/battery.o
                0x0800c0b8                battery_get_percentage
 .text.battery_is_empty
                0x0800c110       0x14 .build/obj_keychron_k10_max_ansi_rgb_default/common/wireless/battery.o
                0x0800c110                battery_is_empty
 .text.battery_is_critical_low
                0x0800c124       0x14 .build/obj_keychron_k10_max_ansi_rgb_default/common/wireless/battery.o
                0x0800c124                battery_is_critical_low
 .text.battery_check_empty
                0x0800c138       0x3c .build/obj_keychron_k10_max_ansi_rgb_default/common/wireless/battery.o
                0x0800c138                battery_check_empty
 .text.battery_check_critical_low
                0x0800c174       0x34 .build/obj_keychron_k10_max_ansi_rgb_default/common/wireless/battery.o
                0x0800c174                battery_check_critical_low
 .text.battery_task
                0x0800c1a8       0xc4 .build/obj_keychron_k10_max_ansi_rgb_default/common/wireless/battery.o
                0x0800c1a8                battery_task
 .text.bat_level_animiation_start
                0x0800c26c       0x58 .build/obj_keychron_k10_max_ansi_rgb_default/common/wireless/bat_level_animation.o
                0x0800c26c                bat_level_animiation_start
 .text.bat_level_animiation_actived
                0x0800c2c4       0x10 .build/obj_keychron_k10_max_ansi_rgb_default/common/wireless/bat_level_animation.o
                0x0800c2c4                bat_level_animiation_actived
 .text.bat_level_animiation_indicate
                0x0800c2d4       0x7c .build/obj_keychron_k10_max_ansi_rgb_default/common/wireless/bat_level_animation.o
                0x0800c2d4                bat_level_animiation_indicate
 .text.bat_level_animiation_update
                0x0800c350       0xac .build/obj_keychron_k10_max_ansi_rgb_default/common/wireless/bat_level_animation.o
                0x0800c350                bat_level_animiation_update
 .text.bat_level_animiation_task
                0x0800c3fc       0x30 .build/obj_keychron_k10_max_ansi_rgb_default/common/wireless/bat_level_animation.o
                0x0800c3fc                bat_level_animiation_task
 .text.rtc_timer_clear
                0x0800c42c       0x1c .build/obj_keychron_k10_max_ansi_rgb_default/common/wireless/rtc_timer.o
                0x0800c42c                rtc_timer_clear
 .text.rtc_timer_init
                0x0800c448        0x4 .build/obj_keychron_k10_max_ansi_rgb_default/common/wireless/rtc_timer.o
                0x0800c448                rtc_timer_init
 .text.rtc_timer_read_ms
                0x0800c44c       0x1c .build/obj_keychron_k10_max_ansi_rgb_default/common/wireless/rtc_timer.o
                0x0800c44c                rtc_timer_read_ms
 .text.rtc_timer_elapsed_ms
                0x0800c468        0xc .build/obj_keychron_k10_max_ansi_rgb_default/common/wireless/rtc_timer.o
                0x0800c468                rtc_timer_elapsed_ms
 .text.process_record_keychron_wireless
                0x0800c474       0x98 .build/obj_keychron_k10_max_ansi_rgb_default/common/wireless/keychron_wireless_common.o
                0x0800c474                process_record_keychron_wireless
 .text.lkbt51_param_init
                0x0800c50c       0x78 .build/obj_keychron_k10_max_ansi_rgb_default/common/wireless/keychron_wireless_common.o
                0x0800c50c                lkbt51_param_init
 .text.wireless_enter_reset_kb
                0x0800c584        0x4 .build/obj_keychron_k10_max_ansi_rgb_default/common/wireless/keychron_wireless_common.o
                0x0800c584                wireless_enter_reset_kb
 .text.wireless_enter_disconnected_kb
                0x0800c588       0x2c .build/obj_keychron_k10_max_ansi_rgb_default/common/wireless/keychron_wireless_common.o
                0x0800c588                wireless_enter_disconnected_kb
 .text.keychron_wireless_common_task
                0x0800c5b4       0x28 .build/obj_keychron_k10_max_ansi_rgb_default/common/wireless/keychron_wireless_common.o
                0x0800c5b4                keychron_wireless_common_task
 .text.wireless_pre_task
                0x0800c5dc       0xb0 .build/obj_keychron_k10_max_ansi_rgb_default/common/wireless/keychron_wireless_common.o
                0x0800c5dc                wireless_pre_task
 .text.process_record_keychron_kb
                0x0800c68c        0x4 .build/obj_keychron_k10_max_ansi_rgb_default/common/keychron_task.o
                0x0800c68c                process_record_keychron_kb
 .text.process_record_keychron
                0x0800c690       0x26 .build/obj_keychron_k10_max_ansi_rgb_default/common/keychron_task.o
                0x0800c690                process_record_keychron
 .text.rgb_matrix_indicators_keychron
                0x0800c6b6        0xe .build/obj_keychron_k10_max_ansi_rgb_default/common/keychron_task.o
                0x0800c6b6                rgb_matrix_indicators_keychron
 .text.keychron_task
                0x0800c6c4       0x14 .build/obj_keychron_k10_max_ansi_rgb_default/common/keychron_task.o
                0x0800c6c4                keychron_task
 .text.process_record_kb
                0x0800c6d8       0x1a .build/obj_keychron_k10_max_ansi_rgb_default/common/keychron_task.o
                0x0800c6d8                process_record_kb
 .text.rgb_matrix_indicators_kb
                0x0800c6f2       0x12 .build/obj_keychron_k10_max_ansi_rgb_default/common/keychron_task.o
                0x0800c6f2                rgb_matrix_indicators_kb
 .text.housekeeping_task_kb
                0x0800c704        0x4 .build/obj_keychron_k10_max_ansi_rgb_default/common/keychron_task.o
                0x0800c704                housekeeping_task_kb
 .text.process_record_keychron_common
                0x0800c708       0xbc .build/obj_keychron_k10_max_ansi_rgb_default/common/keychron_common.o
                0x0800c708                process_record_keychron_common
 .text.keychron_common_task
                0x0800c7c4       0x34 .build/obj_keychron_k10_max_ansi_rgb_default/common/keychron_common.o
                0x0800c7c4                keychron_common_task
 .text.get_firmware_version
                0x0800c7f8       0x44 .build/obj_keychron_k10_max_ansi_rgb_default/common/keychron_raw_hid.o
                0x0800c7f8                get_firmware_version
 .text.kc_raw_hid_rx
                0x0800c83c       0xa0 .build/obj_keychron_k10_max_ansi_rgb_default/common/keychron_raw_hid.o
                0x0800c83c                kc_raw_hid_rx
 .text.raw_hid_receive
                0x0800c8dc        0x4 .build/obj_keychron_k10_max_ansi_rgb_default/common/keychron_raw_hid.o
                0x0800c8dc                raw_hid_receive
 .text.factory_timer_start
                0x0800c8e0       0x10 .build/obj_keychron_k10_max_ansi_rgb_default/common/factory_test.o
                0x0800c8e0                factory_timer_start
 .text.process_record_factory_test
                0x0800c8f0      0x110 .build/obj_keychron_k10_max_ansi_rgb_default/common/factory_test.o
                0x0800c8f0                process_record_factory_test
 .text.factory_test_indicator
                0x0800ca00       0x5c .build/obj_keychron_k10_max_ansi_rgb_default/common/factory_test.o
                0x0800ca00                factory_test_indicator
 .text.factory_reset_indicating
                0x0800ca5c       0x10 .build/obj_keychron_k10_max_ansi_rgb_default/common/factory_test.o
                0x0800ca5c                factory_reset_indicating
 .text.factory_test_task
                0x0800ca6c       0xd0 .build/obj_keychron_k10_max_ansi_rgb_default/common/factory_test.o
                0x0800ca6c                factory_test_task
 .text.factory_test_send
                0x0800cb3c       0x4a .build/obj_keychron_k10_max_ansi_rgb_default/common/factory_test.o
                0x0800cb3c                factory_test_send
 *fill*         0x0800cb86        0x2 
 .text.factory_test_rx
                0x0800cb88      0x160 .build/obj_keychron_k10_max_ansi_rgb_default/common/factory_test.o
                0x0800cb88                factory_test_rx
 .text.dip_switch_update_user
                0x0800cce8       0x28 .build/obj_keychron_k10_max_ansi_rgb_default/common/factory_test.o
                0x0800cce8                dip_switch_update_user
 .text.dfu_info_rx
                0x0800cd10       0x28 .build/obj_keychron_k10_max_ansi_rgb_default/common/dfu_info.o
                0x0800cd10                dfu_info_rx
 .text.language_rx
                0x0800cd38       0x40 .build/obj_keychron_k10_max_ansi_rgb_default/common/language/language.o
                0x0800cd38                language_rx
 .text.dip_switch_update_kb
                0x0800cd78       0x20 .build/obj_keychron_k10_max_ansi_rgb_default/keyboards/keychron/k10_max/k10_max.o
                0x0800cd78                dip_switch_update_kb
 .text.keyboard_post_init_kb
                0x0800cd98       0x40 .build/obj_keychron_k10_max_ansi_rgb_default/keyboards/keychron/k10_max/k10_max.o
                0x0800cd98                keyboard_post_init_kb
 .text.keychron_task_kb
                0x0800cdd8       0xc8 .build/obj_keychron_k10_max_ansi_rgb_default/keyboards/keychron/k10_max/k10_max.o
                0x0800cdd8                keychron_task_kb
 .text.lpm_is_kb_idle
                0x0800cea0       0x20 .build/obj_keychron_k10_max_ansi_rgb_default/keyboards/keychron/k10_max/k10_max.o
                0x0800cea0                lpm_is_kb_idle
 .text.matrix_scan_user
                0x0800cec0       0xa4 .build/obj_keychron_k10_max_ansi_rgb_default/quantum/keymap_introspection.o
                0x0800cec0                matrix_scan_user
 .text.process_record_user
                0x0800cf64      0x1c8 .build/obj_keychron_k10_max_ansi_rgb_default/quantum/keymap_introspection.o
                0x0800cf64                process_record_user
 .text.keycode_at_keymap_location_raw
                0x0800d12c       0x28 .build/obj_keychron_k10_max_ansi_rgb_default/quantum/keymap_introspection.o
                0x0800d12c                keycode_at_keymap_location_raw
 .text.keycode_at_keymap_location
                0x0800d154        0x4 .build/obj_keychron_k10_max_ansi_rgb_default/quantum/keymap_introspection.o
                0x0800d154                keycode_at_keymap_location
 .text.pre_process_record_user
                0x0800d158        0x4 .build/obj_keychron_k10_max_ansi_rgb_default/quantum/quantum.o
                0x0800d158                pre_process_record_user
 .text.pre_process_record_kb
                0x0800d15c        0x8 .build/obj_keychron_k10_max_ansi_rgb_default/quantum/quantum.o
                0x0800d15c                pre_process_record_kb
 .text.process_action_kb
                0x0800d164        0x4 .build/obj_keychron_k10_max_ansi_rgb_default/quantum/quantum.o
                0x0800d164                process_action_kb
 .text.post_process_record_user
                0x0800d168        0x2 .build/obj_keychron_k10_max_ansi_rgb_default/quantum/quantum.o
                0x0800d168                post_process_record_user
 .text.post_process_record_kb
                0x0800d16a        0x8 .build/obj_keychron_k10_max_ansi_rgb_default/quantum/quantum.o
                0x0800d16a                post_process_record_kb
 *fill*         0x0800d172        0x2 
 .text.get_event_keycode
                0x0800d174       0x4c .build/obj_keychron_k10_max_ansi_rgb_default/quantum/quantum.o
                0x0800d174                get_event_keycode
 .text.get_record_keycode
                0x0800d1c0       0x18 .build/obj_keychron_k10_max_ansi_rgb_default/quantum/quantum.o
                0x0800d1c0                get_record_keycode
 .text.pre_process_record_quantum
                0x0800d1d8       0x12 .build/obj_keychron_k10_max_ansi_rgb_default/quantum/quantum.o
                0x0800d1d8                pre_process_record_quantum
 .text.post_process_record_quantum
                0x0800d1ea       0x12 .build/obj_keychron_k10_max_ansi_rgb_default/quantum/quantum.o
                0x0800d1ea                post_process_record_quantum
 .text.shutdown_user
                0x0800d1fc        0x4 .build/obj_keychron_k10_max_ansi_rgb_default/quantum/quantum.o
                0x0800d1fc                shutdown_user
 .text.shutdown_kb
                0x0800d200        0x8 .build/obj_keychron_k10_max_ansi_rgb_default/quantum/quantum.o
                0x0800d200                shutdown_kb
 .text.shutdown_quantum
                0x0800d208       0x1a .build/obj_keychron_k10_max_ansi_rgb_default/quantum/quantum.o
                0x0800d208                shutdown_quantum
 .text.reset_keyboard
                0x0800d222       0x10 .build/obj_keychron_k10_max_ansi_rgb_default/quantum/quantum.o
                0x0800d222                reset_keyboard
 .text.soft_reset_keyboard
                0x0800d232       0x10 .build/obj_keychron_k10_max_ansi_rgb_default/quantum/quantum.o
                0x0800d232                soft_reset_keyboard
 .text.process_record_quantum
                0x0800d242       0x9c .build/obj_keychron_k10_max_ansi_rgb_default/quantum/quantum.o
                0x0800d242                process_record_quantum
 .text.suspend_power_down_quantum
                0x0800d2de       0x18 .build/obj_keychron_k10_max_ansi_rgb_default/quantum/quantum.o
                0x0800d2de                suspend_power_down_quantum
 .text.suspend_wakeup_init_quantum
                0x0800d2f6       0x14 .build/obj_keychron_k10_max_ansi_rgb_default/quantum/quantum.o
                0x0800d2f6                suspend_wakeup_init_quantum
 .text.biton16  0x0800d30a       0x28 .build/obj_keychron_k10_max_ansi_rgb_default/quantum/bitwise.o
                0x0800d30a                biton16
 .text.led_set_user
                0x0800d332        0x2 .build/obj_keychron_k10_max_ansi_rgb_default/quantum/led.o
                0x0800d332                led_set_user
 .text.led_update_user
                0x0800d334        0x4 .build/obj_keychron_k10_max_ansi_rgb_default/quantum/led.o
                0x0800d334                led_update_user
 .text.led_update_ports
                0x0800d338       0x18 .build/obj_keychron_k10_max_ansi_rgb_default/quantum/led.o
                0x0800d338                led_update_ports
 .text.led_init_ports
                0x0800d350       0x1c .build/obj_keychron_k10_max_ansi_rgb_default/quantum/led.o
                0x0800d350                led_init_ports
 .text.led_set  0x0800d36c       0x10 .build/obj_keychron_k10_max_ansi_rgb_default/quantum/led.o
                0x0800d36c                led_set
 .text.led_suspend
                0x0800d37c        0xa .build/obj_keychron_k10_max_ansi_rgb_default/quantum/led.o
                0x0800d37c                led_suspend
 .text.led_wakeup
                0x0800d386        0xc .build/obj_keychron_k10_max_ansi_rgb_default/quantum/led.o
                0x0800d386                led_wakeup
 *fill*         0x0800d392        0x2 
 .text.led_task
                0x0800d394       0x2c .build/obj_keychron_k10_max_ansi_rgb_default/quantum/led.o
                0x0800d394                led_task
 .text.action_exec
                0x0800d3c0       0x40 .build/obj_keychron_k10_max_ansi_rgb_default/quantum/action.o
                0x0800d3c0                action_exec
 .text.process_record_tap_hint
                0x0800d400        0xe .build/obj_keychron_k10_max_ansi_rgb_default/quantum/action.o
                0x0800d400                process_record_tap_hint
 .text.register_mouse
                0x0800d40e       0x16 .build/obj_keychron_k10_max_ansi_rgb_default/quantum/action.o
                0x0800d40e                register_mouse
 .text.register_code
                0x0800d424       0x90 .build/obj_keychron_k10_max_ansi_rgb_default/quantum/action.o
                0x0800d424                register_code
 .text.unregister_code
                0x0800d4b4       0x72 .build/obj_keychron_k10_max_ansi_rgb_default/quantum/action.o
                0x0800d4b4                unregister_code
 .text.tap_code_delay
                0x0800d526       0x20 .build/obj_keychron_k10_max_ansi_rgb_default/quantum/action.o
                0x0800d526                tap_code_delay
 .text.tap_code
                0x0800d546       0x10 .build/obj_keychron_k10_max_ansi_rgb_default/quantum/action.o
                0x0800d546                tap_code
 .text.register_mods
                0x0800d556       0x12 .build/obj_keychron_k10_max_ansi_rgb_default/quantum/action.o
                0x0800d556                register_mods
 .text.unregister_mods
                0x0800d568       0x12 .build/obj_keychron_k10_max_ansi_rgb_default/quantum/action.o
                0x0800d568                unregister_mods
 *fill*         0x0800d57a        0x2 
 .text.process_action
                0x0800d57c      0x3ac .build/obj_keychron_k10_max_ansi_rgb_default/quantum/action.o
                0x0800d57c                process_action
 .text.process_record_handler
                0x0800d928       0x22 .build/obj_keychron_k10_max_ansi_rgb_default/quantum/action.o
                0x0800d928                process_record_handler
 *fill*         0x0800d94a        0x2 
 .text.process_record
                0x0800d94c       0x3c .build/obj_keychron_k10_max_ansi_rgb_default/quantum/action.o
                0x0800d94c                process_record
 .text.clear_keyboard_but_mods_and_keys
                0x0800d988       0x22 .build/obj_keychron_k10_max_ansi_rgb_default/quantum/action.o
                0x0800d988                clear_keyboard_but_mods_and_keys
 .text.clear_keyboard_but_mods
                0x0800d9aa        0xe .build/obj_keychron_k10_max_ansi_rgb_default/quantum/action.o
                0x0800d9aa                clear_keyboard_but_mods
 .text.clear_keyboard
                0x0800d9b8        0xe .build/obj_keychron_k10_max_ansi_rgb_default/quantum/action.o
                0x0800d9b8                clear_keyboard
 .text.is_tap_action
                0x0800d9c6       0x42 .build/obj_keychron_k10_max_ansi_rgb_default/quantum/action.o
                0x0800d9c6                is_tap_action
 .text.is_tap_record
                0x0800da08       0x18 .build/obj_keychron_k10_max_ansi_rgb_default/quantum/action.o
                0x0800da08                is_tap_record
 .text.debug_event
                0x0800da20        0xc .build/obj_keychron_k10_max_ansi_rgb_default/quantum/action.o
                0x0800da20                debug_event
 .text.debug_record
                0x0800da2c        0xc .build/obj_keychron_k10_max_ansi_rgb_default/quantum/action.o
                0x0800da2c                debug_record
 .text.default_layer_state_set_user
                0x0800da38        0x2 .build/obj_keychron_k10_max_ansi_rgb_default/quantum/action_layer.o
                0x0800da38                default_layer_state_set_user
 .text.default_layer_state_set_kb
                0x0800da3a        0x8 .build/obj_keychron_k10_max_ansi_rgb_default/quantum/action_layer.o
                0x0800da3a                default_layer_state_set_kb
 *fill*         0x0800da42        0x2 
 .text.default_layer_state_set
                0x0800da44       0x10 .build/obj_keychron_k10_max_ansi_rgb_default/quantum/action_layer.o
 .text.default_layer_debug
                0x0800da54        0x2 .build/obj_keychron_k10_max_ansi_rgb_default/quantum/action_layer.o
                0x0800da54                default_layer_debug
 .text.default_layer_set
                0x0800da56        0x4 .build/obj_keychron_k10_max_ansi_rgb_default/quantum/action_layer.o
                0x0800da56                default_layer_set
 *fill*         0x0800da5a        0x2 
 .text.default_layer_or
                0x0800da5c       0x10 .build/obj_keychron_k10_max_ansi_rgb_default/quantum/action_layer.o
                0x0800da5c                default_layer_or
 .text.default_layer_and
                0x0800da6c       0x10 .build/obj_keychron_k10_max_ansi_rgb_default/quantum/action_layer.o
                0x0800da6c                default_layer_and
 .text.default_layer_xor
                0x0800da7c       0x10 .build/obj_keychron_k10_max_ansi_rgb_default/quantum/action_layer.o
                0x0800da7c                default_layer_xor
 .text.layer_state_set_user
                0x0800da8c        0x2 .build/obj_keychron_k10_max_ansi_rgb_default/quantum/action_layer.o
                0x0800da8c                layer_state_set_user
 .text.layer_state_set_kb
                0x0800da8e        0x8 .build/obj_keychron_k10_max_ansi_rgb_default/quantum/action_layer.o
                0x0800da8e                layer_state_set_kb
 *fill*         0x0800da96        0x2 
 .text.layer_state_set
                0x0800da98       0x10 .build/obj_keychron_k10_max_ansi_rgb_default/quantum/action_layer.o
                0x0800da98                layer_state_set
 .text.layer_clear
                0x0800daa8        0x6 .build/obj_keychron_k10_max_ansi_rgb_default/quantum/action_layer.o
                0x0800daa8                layer_clear
 .text.layer_move
                0x0800daae        0xc .build/obj_keychron_k10_max_ansi_rgb_default/quantum/action_layer.o
                0x0800daae                layer_move
 *fill*         0x0800daba        0x2 
 .text.layer_on
                0x0800dabc       0x18 .build/obj_keychron_k10_max_ansi_rgb_default/quantum/action_layer.o
                0x0800dabc                layer_on
 .text.layer_off
                0x0800dad4       0x14 .build/obj_keychron_k10_max_ansi_rgb_default/quantum/action_layer.o
                0x0800dad4                layer_off
 .text.layer_invert
                0x0800dae8       0x18 .build/obj_keychron_k10_max_ansi_rgb_default/quantum/action_layer.o
                0x0800dae8                layer_invert
 .text.layer_or
                0x0800db00       0x10 .build/obj_keychron_k10_max_ansi_rgb_default/quantum/action_layer.o
                0x0800db00                layer_or
 .text.layer_and
                0x0800db10       0x10 .build/obj_keychron_k10_max_ansi_rgb_default/quantum/action_layer.o
                0x0800db10                layer_and
 .text.layer_xor
                0x0800db20       0x10 .build/obj_keychron_k10_max_ansi_rgb_default/quantum/action_layer.o
                0x0800db20                layer_xor
 .text.layer_debug
                0x0800db30        0x2 .build/obj_keychron_k10_max_ansi_rgb_default/quantum/action_layer.o
                0x0800db30                layer_debug
 .text.update_source_layers_cache_impl
                0x0800db32       0x32 .build/obj_keychron_k10_max_ansi_rgb_default/quantum/action_layer.o
                0x0800db32                update_source_layers_cache_impl
 .text.read_source_layers_cache_impl
                0x0800db64       0x26 .build/obj_keychron_k10_max_ansi_rgb_default/quantum/action_layer.o
                0x0800db64                read_source_layers_cache_impl
 *fill*         0x0800db8a        0x2 
 .text.update_source_layers_cache
                0x0800db8c       0x34 .build/obj_keychron_k10_max_ansi_rgb_default/quantum/action_layer.o
                0x0800db8c                update_source_layers_cache
 .text.read_source_layers_cache
                0x0800dbc0       0x30 .build/obj_keychron_k10_max_ansi_rgb_default/quantum/action_layer.o
                0x0800dbc0                read_source_layers_cache
 .text.layer_switch_get_layer
                0x0800dbf0       0x44 .build/obj_keychron_k10_max_ansi_rgb_default/quantum/action_layer.o
                0x0800dbf0                layer_switch_get_layer
 .text.layer_switch_get_action
                0x0800dc34       0x18 .build/obj_keychron_k10_max_ansi_rgb_default/quantum/action_layer.o
                0x0800dc34                layer_switch_get_action
 .text.store_or_get_action
                0x0800dc4c       0x48 .build/obj_keychron_k10_max_ansi_rgb_default/quantum/action_layer.o
                0x0800dc4c                store_or_get_action
 .text.debug_waiting_buffer
                0x0800dc94       0x40 .build/obj_keychron_k10_max_ansi_rgb_default/quantum/action_tapping.o
 .text.debug_tapping_key
                0x0800dcd4       0x20 .build/obj_keychron_k10_max_ansi_rgb_default/quantum/action_tapping.o
 .text.waiting_buffer_scan_tap
                0x0800dcf4       0x80 .build/obj_keychron_k10_max_ansi_rgb_default/quantum/action_tapping.o
 .text.waiting_buffer_typed.isra.0
                0x0800dd74       0x44 .build/obj_keychron_k10_max_ansi_rgb_default/quantum/action_tapping.o
 .text.process_tapping
                0x0800ddb8      0x234 .build/obj_keychron_k10_max_ansi_rgb_default/quantum/action_tapping.o
 .text.action_tapping_process
                0x0800dfec       0xc4 .build/obj_keychron_k10_max_ansi_rgb_default/quantum/action_tapping.o
                0x0800dfec                action_tapping_process
 .text.get_oneshot_layer
                0x0800e0b0        0xc .build/obj_keychron_k10_max_ansi_rgb_default/quantum/action_util.o
                0x0800e0b0                get_oneshot_layer
 .text.get_oneshot_layer_state
                0x0800e0bc       0x10 .build/obj_keychron_k10_max_ansi_rgb_default/quantum/action_util.o
                0x0800e0bc                get_oneshot_layer_state
 .text.is_oneshot_layer_active
                0x0800e0cc       0x14 .build/obj_keychron_k10_max_ansi_rgb_default/quantum/action_util.o
                0x0800e0cc                is_oneshot_layer_active
 .text.send_nkro_report
                0x0800e0e0       0x3c .build/obj_keychron_k10_max_ansi_rgb_default/quantum/action_util.o
                0x0800e0e0                send_nkro_report
 .text.get_mods
                0x0800e11c        0xc .build/obj_keychron_k10_max_ansi_rgb_default/quantum/action_util.o
                0x0800e11c                get_mods
 .text.add_mods
                0x0800e128       0x1c .build/obj_keychron_k10_max_ansi_rgb_default/quantum/action_util.o
                0x0800e128                add_mods
 .text.del_mods
                0x0800e144       0x20 .build/obj_keychron_k10_max_ansi_rgb_default/quantum/action_util.o
                0x0800e144                del_mods
 .text.set_mods
                0x0800e164       0x18 .build/obj_keychron_k10_max_ansi_rgb_default/quantum/action_util.o
                0x0800e164                set_mods
 .text.clear_mods
                0x0800e17c       0x20 .build/obj_keychron_k10_max_ansi_rgb_default/quantum/action_util.o
                0x0800e17c                clear_mods
 .text.add_weak_mods
                0x0800e19c       0x1c .build/obj_keychron_k10_max_ansi_rgb_default/quantum/action_util.o
                0x0800e19c                add_weak_mods
 .text.del_weak_mods
                0x0800e1b8       0x20 .build/obj_keychron_k10_max_ansi_rgb_default/quantum/action_util.o
                0x0800e1b8                del_weak_mods
 .text.clear_weak_mods
                0x0800e1d8       0x20 .build/obj_keychron_k10_max_ansi_rgb_default/quantum/action_util.o
                0x0800e1d8                clear_weak_mods
 .text.oneshot_locked_mods_changed_user
                0x0800e1f8        0x2 .build/obj_keychron_k10_max_ansi_rgb_default/quantum/action_util.o
                0x0800e1f8                oneshot_locked_mods_changed_user
 .text.oneshot_locked_mods_changed_kb
                0x0800e1fa        0x8 .build/obj_keychron_k10_max_ansi_rgb_default/quantum/action_util.o
                0x0800e1fa                oneshot_locked_mods_changed_kb
 *fill*         0x0800e202        0x2 
 .text.del_oneshot_locked_mods
                0x0800e204       0x1c .build/obj_keychron_k10_max_ansi_rgb_default/quantum/action_util.o
                0x0800e204                del_oneshot_locked_mods
 .text.oneshot_mods_changed_user
                0x0800e220        0x2 .build/obj_keychron_k10_max_ansi_rgb_default/quantum/action_util.o
                0x0800e220                oneshot_mods_changed_user
 .text.oneshot_mods_changed_kb
                0x0800e222        0x8 .build/obj_keychron_k10_max_ansi_rgb_default/quantum/action_util.o
                0x0800e222                oneshot_mods_changed_kb
 *fill*         0x0800e22a        0x2 
 .text.add_oneshot_mods
                0x0800e22c       0x1c .build/obj_keychron_k10_max_ansi_rgb_default/quantum/action_util.o
                0x0800e22c                add_oneshot_mods
 .text.del_oneshot_mods
                0x0800e248       0x1c .build/obj_keychron_k10_max_ansi_rgb_default/quantum/action_util.o
                0x0800e248                del_oneshot_mods
 .text.clear_oneshot_mods
                0x0800e264       0x18 .build/obj_keychron_k10_max_ansi_rgb_default/quantum/action_util.o
                0x0800e264                clear_oneshot_mods
 .text.send_6kro_report
                0x0800e27c       0x68 .build/obj_keychron_k10_max_ansi_rgb_default/quantum/action_util.o
                0x0800e27c                send_6kro_report
 .text.send_keyboard_report
                0x0800e2e4       0x2c .build/obj_keychron_k10_max_ansi_rgb_default/quantum/action_util.o
                0x0800e2e4                send_keyboard_report
 .text.oneshot_layer_changed_user
                0x0800e310        0x2 .build/obj_keychron_k10_max_ansi_rgb_default/quantum/action_util.o
                0x0800e310                oneshot_layer_changed_user
 .text.oneshot_layer_changed_kb
                0x0800e312        0x8 .build/obj_keychron_k10_max_ansi_rgb_default/quantum/action_util.o
                0x0800e312                oneshot_layer_changed_kb
 *fill*         0x0800e31a        0x2 
 .text.set_oneshot_layer
                0x0800e31c       0x30 .build/obj_keychron_k10_max_ansi_rgb_default/quantum/action_util.o
                0x0800e31c                set_oneshot_layer
 .text.reset_oneshot_layer
                0x0800e34c       0x14 .build/obj_keychron_k10_max_ansi_rgb_default/quantum/action_util.o
                0x0800e34c                reset_oneshot_layer
 .text.clear_oneshot_layer_state
                0x0800e360       0x34 .build/obj_keychron_k10_max_ansi_rgb_default/quantum/action_util.o
                0x0800e360                clear_oneshot_layer_state
 .text.oneshot_set
                0x0800e394       0x2c .build/obj_keychron_k10_max_ansi_rgb_default/quantum/action_util.o
                0x0800e394                oneshot_set
 .text.oneshot_toggle
                0x0800e3c0       0x18 .build/obj_keychron_k10_max_ansi_rgb_default/quantum/action_util.o
                0x0800e3c0                oneshot_toggle
 .text.oneshot_enable
                0x0800e3d8        0x6 .build/obj_keychron_k10_max_ansi_rgb_default/quantum/action_util.o
                0x0800e3d8                oneshot_enable
 .text.oneshot_disable
                0x0800e3de        0x6 .build/obj_keychron_k10_max_ansi_rgb_default/quantum/action_util.o
                0x0800e3de                oneshot_disable
 .text.eeconfig_disable
                0x0800e3e4       0x14 .build/obj_keychron_k10_max_ansi_rgb_default/quantum/eeconfig.o
                0x0800e3e4                eeconfig_disable
 .text.eeconfig_is_enabled
                0x0800e3f8       0x14 .build/obj_keychron_k10_max_ansi_rgb_default/quantum/eeconfig.o
                0x0800e3f8                eeconfig_is_enabled
 .text.eeconfig_read_debug
                0x0800e40c        0x6 .build/obj_keychron_k10_max_ansi_rgb_default/quantum/eeconfig.o
                0x0800e40c                eeconfig_read_debug
 .text.eeconfig_read_default_layer
                0x0800e412        0x6 .build/obj_keychron_k10_max_ansi_rgb_default/quantum/eeconfig.o
                0x0800e412                eeconfig_read_default_layer
 .text.eeconfig_read_keymap
                0x0800e418        0x6 .build/obj_keychron_k10_max_ansi_rgb_default/quantum/eeconfig.o
                0x0800e418                eeconfig_read_keymap
 .text.eeconfig_update_keymap
                0x0800e41e        0x8 .build/obj_keychron_k10_max_ansi_rgb_default/quantum/eeconfig.o
                0x0800e41e                eeconfig_update_keymap
 .text.eeconfig_update_kb
                0x0800e426        0x8 .build/obj_keychron_k10_max_ansi_rgb_default/quantum/eeconfig.o
                0x0800e426                eeconfig_update_kb
 .text.eeconfig_update_user
                0x0800e42e        0x8 .build/obj_keychron_k10_max_ansi_rgb_default/quantum/eeconfig.o
                0x0800e42e                eeconfig_update_user
 .text.eeconfig_init_user
                0x0800e436        0x6 .build/obj_keychron_k10_max_ansi_rgb_default/quantum/eeconfig.o
                0x0800e436                eeconfig_init_user
 .text.eeconfig_init_kb
                0x0800e43c        0xe .build/obj_keychron_k10_max_ansi_rgb_default/quantum/eeconfig.o
                0x0800e43c                eeconfig_init_kb
 *fill*         0x0800e44a        0x2 
 .text.eeconfig_init_quantum
                0x0800e44c       0x90 .build/obj_keychron_k10_max_ansi_rgb_default/quantum/eeconfig.o
                0x0800e44c                eeconfig_init_quantum
 .text.eeconfig_init
                0x0800e4dc        0x4 .build/obj_keychron_k10_max_ansi_rgb_default/quantum/eeconfig.o
                0x0800e4dc                eeconfig_init
 .text.eeconfig_update_handedness
                0x0800e4e0        0x8 .build/obj_keychron_k10_max_ansi_rgb_default/quantum/eeconfig.o
                0x0800e4e0                eeconfig_update_handedness
 .text.generate_tick_event
                0x0800e4e8       0x38 .build/obj_keychron_k10_max_ansi_rgb_default/quantum/keyboard.o
 .text.last_matrix_activity_trigger
                0x0800e520       0x18 .build/obj_keychron_k10_max_ansi_rgb_default/quantum/keyboard.o
                0x0800e520                last_matrix_activity_trigger
 .text.matrix_setup
                0x0800e538        0x2 .build/obj_keychron_k10_max_ansi_rgb_default/quantum/keyboard.o
                0x0800e538                matrix_setup
 .text.keyboard_pre_init_user
                0x0800e53a        0x2 .build/obj_keychron_k10_max_ansi_rgb_default/quantum/keyboard.o
                0x0800e53a                keyboard_pre_init_user
 .text.keyboard_pre_init_kb
                0x0800e53c        0x8 .build/obj_keychron_k10_max_ansi_rgb_default/quantum/keyboard.o
                0x0800e53c                keyboard_pre_init_kb
 .text.keyboard_post_init_user
                0x0800e544        0x2 .build/obj_keychron_k10_max_ansi_rgb_default/quantum/keyboard.o
                0x0800e544                keyboard_post_init_user
 .text.matrix_can_read
                0x0800e546        0x4 .build/obj_keychron_k10_max_ansi_rgb_default/quantum/keyboard.o
                0x0800e546                matrix_can_read
 *fill*         0x0800e54a        0x2 
 .text.keyboard_setup
                0x0800e54c       0x1c .build/obj_keychron_k10_max_ansi_rgb_default/quantum/keyboard.o
                0x0800e54c                keyboard_setup
 .text.is_keyboard_master
                0x0800e568        0x4 .build/obj_keychron_k10_max_ansi_rgb_default/quantum/keyboard.o
                0x0800e568                is_keyboard_master
 .text.should_process_keypress
                0x0800e56c        0x8 .build/obj_keychron_k10_max_ansi_rgb_default/quantum/keyboard.o
                0x0800e56c                should_process_keypress
 .text.housekeeping_task_user
                0x0800e574        0x2 .build/obj_keychron_k10_max_ansi_rgb_default/quantum/keyboard.o
                0x0800e574                housekeeping_task_user
 .text.housekeeping_task
                0x0800e576        0xc .build/obj_keychron_k10_max_ansi_rgb_default/quantum/keyboard.o
                0x0800e576                housekeeping_task
 .text.quantum_init
                0x0800e582       0x12 .build/obj_keychron_k10_max_ansi_rgb_default/quantum/keyboard.o
                0x0800e582                quantum_init
 .text.keyboard_init
                0x0800e594       0x18 .build/obj_keychron_k10_max_ansi_rgb_default/quantum/keyboard.o
                0x0800e594                keyboard_init
 .text.quantum_task
                0x0800e5ac        0x6 .build/obj_keychron_k10_max_ansi_rgb_default/quantum/keyboard.o
                0x0800e5ac                quantum_task
 *fill*         0x0800e5b2        0x2 
 .text.keyboard_task
                0x0800e5b4       0xf0 .build/obj_keychron_k10_max_ansi_rgb_default/quantum/keyboard.o
                0x0800e5b4                keyboard_task
 .text.action_for_keycode
                0x0800e6a4      0x1b4 .build/obj_keychron_k10_max_ansi_rgb_default/quantum/keymap_common.o
                0x0800e6a4                action_for_keycode
 .text.keymap_key_to_keycode
                0x0800e858       0x22 .build/obj_keychron_k10_max_ansi_rgb_default/quantum/keymap_common.o
                0x0800e858                keymap_key_to_keycode
 .text.action_for_key
                0x0800e87a       0x16 .build/obj_keychron_k10_max_ansi_rgb_default/quantum/keymap_common.o
                0x0800e87a                action_for_key
 .text.keycode_config
                0x0800e890      0x108 .build/obj_keychron_k10_max_ansi_rgb_default/quantum/keycode_config.o
                0x0800e890                keycode_config
 .text.mod_config
                0x0800e998       0xc4 .build/obj_keychron_k10_max_ansi_rgb_default/quantum/keycode_config.o
                0x0800e998                mod_config
 .text.sendchar
                0x0800ea5c        0x4 .build/obj_keychron_k10_max_ansi_rgb_default/quantum/logging/sendchar.o
                0x0800ea5c                sendchar
 .text.null_sendchar_func
                0x0800ea60        0x4 .build/obj_keychron_k10_max_ansi_rgb_default/quantum/logging/print.o
 .text.print_set_sendchar
                0x0800ea64        0xc .build/obj_keychron_k10_max_ansi_rgb_default/quantum/logging/print.o
                0x0800ea64                print_set_sendchar
 .text.bootmagic_lite_reset_eeprom
                0x0800ea70        0x4 .build/obj_keychron_k10_max_ansi_rgb_default/quantum/bootmagic/bootmagic_lite.o
                0x0800ea70                bootmagic_lite_reset_eeprom
 .text.bootmagic_lite
                0x0800ea74       0x2a .build/obj_keychron_k10_max_ansi_rgb_default/quantum/bootmagic/bootmagic_lite.o
                0x0800ea74                bootmagic_lite
 .text.bootmagic
                0x0800ea9e        0x8 .build/obj_keychron_k10_max_ansi_rgb_default/quantum/bootmagic/bootmagic_lite.o
                0x0800ea9e                bootmagic
 *fill*         0x0800eaa6        0x2 
 .text.magic    0x0800eaa8       0x40 .build/obj_keychron_k10_max_ansi_rgb_default/quantum/bootmagic/magic.o
                0x0800eaa8                magic
 .text.matrix_init_user
                0x0800eae8        0x2 .build/obj_keychron_k10_max_ansi_rgb_default/quantum/matrix_common.o
                0x0800eae8                matrix_init_user
 .text.matrix_init_kb
                0x0800eaea        0x8 .build/obj_keychron_k10_max_ansi_rgb_default/quantum/matrix_common.o
                0x0800eaea                matrix_init_kb
 .text.matrix_scan_kb
                0x0800eaf2        0x8 .build/obj_keychron_k10_max_ansi_rgb_default/quantum/matrix_common.o
                0x0800eaf2                matrix_scan_kb
 *fill*         0x0800eafa        0x2 
 .text.matrix_get_row
                0x0800eafc        0xc .build/obj_keychron_k10_max_ansi_rgb_default/quantum/matrix_common.o
                0x0800eafc                matrix_get_row
 .text.matrix_print
                0x0800eb08        0x2 .build/obj_keychron_k10_max_ansi_rgb_default/quantum/matrix_common.o
                0x0800eb08                matrix_print
 .text.matrix_io_delay
                0x0800eb0a        0x8 .build/obj_keychron_k10_max_ansi_rgb_default/quantum/matrix_common.o
                0x0800eb0a                matrix_io_delay
 .text.matrix_output_select_delay
                0x0800eb12       0x1a .build/obj_keychron_k10_max_ansi_rgb_default/quantum/matrix_common.o
                0x0800eb12                matrix_output_select_delay
 .text.matrix_output_unselect_delay